Archive member included to satisfy reference by file (symbol)

/home/chandran/arm-gcc-toolchain/bin/../lib/gcc/arm-none-eabi/7.3.1/../../../../arm-none-eabi/lib/thumb/v7e-m/fpv4-sp/hard/libc_nano.a(lib_a-exit.o)
                              /home/chandran/arm-gcc-toolchain/bin/../lib/gcc/arm-none-eabi/7.3.1/../../../../arm-none-eabi/lib/thumb/v7e-m/fpv4-sp/hard/crt0.o (exit)
/home/chandran/arm-gcc-toolchain/bin/../lib/gcc/arm-none-eabi/7.3.1/../../../../arm-none-eabi/lib/thumb/v7e-m/fpv4-sp/hard/libc_nano.a(lib_a-impure.o)
                              /home/chandran/arm-gcc-toolchain/bin/../lib/gcc/arm-none-eabi/7.3.1/../../../../arm-none-eabi/lib/thumb/v7e-m/fpv4-sp/hard/libc_nano.a(lib_a-exit.o) (_global_impure_ptr)
/home/chandran/arm-gcc-toolchain/bin/../lib/gcc/arm-none-eabi/7.3.1/../../../../arm-none-eabi/lib/thumb/v7e-m/fpv4-sp/hard/libc_nano.a(lib_a-init.o)
                              /home/chandran/arm-gcc-toolchain/bin/../lib/gcc/arm-none-eabi/7.3.1/../../../../arm-none-eabi/lib/thumb/v7e-m/fpv4-sp/hard/crt0.o (__libc_init_array)
/home/chandran/arm-gcc-toolchain/bin/../lib/gcc/arm-none-eabi/7.3.1/../../../../arm-none-eabi/lib/thumb/v7e-m/fpv4-sp/hard/libc_nano.a(lib_a-locale.o)
                              _build/nrf52840_xxaa/nrf_log_str_formatter.c.o (__locale_ctype_ptr)
/home/chandran/arm-gcc-toolchain/bin/../lib/gcc/arm-none-eabi/7.3.1/../../../../arm-none-eabi/lib/thumb/v7e-m/fpv4-sp/hard/libc_nano.a(lib_a-mbtowc_r.o)
                              /home/chandran/arm-gcc-toolchain/bin/../lib/gcc/arm-none-eabi/7.3.1/../../../../arm-none-eabi/lib/thumb/v7e-m/fpv4-sp/hard/libc_nano.a(lib_a-locale.o) (__ascii_mbtowc)
/home/chandran/arm-gcc-toolchain/bin/../lib/gcc/arm-none-eabi/7.3.1/../../../../arm-none-eabi/lib/thumb/v7e-m/fpv4-sp/hard/libc_nano.a(lib_a-memcmp.o)
                              _build/nrf52840_xxaa/ble_advdata.c.o (memcmp)
/home/chandran/arm-gcc-toolchain/bin/../lib/gcc/arm-none-eabi/7.3.1/../../../../arm-none-eabi/lib/thumb/v7e-m/fpv4-sp/hard/libc_nano.a(lib_a-memcpy-stub.o)
                              _build/nrf52840_xxaa/nrf_log_frontend.c.o (memcpy)
/home/chandran/arm-gcc-toolchain/bin/../lib/gcc/arm-none-eabi/7.3.1/../../../../arm-none-eabi/lib/thumb/v7e-m/fpv4-sp/hard/libc_nano.a(lib_a-memset.o)
                              /home/chandran/arm-gcc-toolchain/bin/../lib/gcc/arm-none-eabi/7.3.1/../../../../arm-none-eabi/lib/thumb/v7e-m/fpv4-sp/hard/crt0.o (memset)
/home/chandran/arm-gcc-toolchain/bin/../lib/gcc/arm-none-eabi/7.3.1/../../../../arm-none-eabi/lib/thumb/v7e-m/fpv4-sp/hard/libc_nano.a(lib_a-strcmp.o)
                              /home/chandran/arm-gcc-toolchain/bin/../lib/gcc/arm-none-eabi/7.3.1/../../../../arm-none-eabi/lib/thumb/v7e-m/fpv4-sp/hard/libc_nano.a(lib_a-locale.o) (strcmp)
/home/chandran/arm-gcc-toolchain/bin/../lib/gcc/arm-none-eabi/7.3.1/../../../../arm-none-eabi/lib/thumb/v7e-m/fpv4-sp/hard/libc_nano.a(lib_a-strcpy.o)
                              _build/nrf52840_xxaa/SEGGER_RTT.c.o (strcpy)
/home/chandran/arm-gcc-toolchain/bin/../lib/gcc/arm-none-eabi/7.3.1/../../../../arm-none-eabi/lib/thumb/v7e-m/fpv4-sp/hard/libc_nano.a(lib_a-strlen.o)
                              _build/nrf52840_xxaa/nrf_log_frontend.c.o (strlen)
/home/chandran/arm-gcc-toolchain/bin/../lib/gcc/arm-none-eabi/7.3.1/../../../../arm-none-eabi/lib/thumb/v7e-m/fpv4-sp/hard/libc_nano.a(lib_a-wctomb_r.o)
                              /home/chandran/arm-gcc-toolchain/bin/../lib/gcc/arm-none-eabi/7.3.1/../../../../arm-none-eabi/lib/thumb/v7e-m/fpv4-sp/hard/libc_nano.a(lib_a-locale.o) (__ascii_wctomb)
/home/chandran/arm-gcc-toolchain/bin/../lib/gcc/arm-none-eabi/7.3.1/../../../../arm-none-eabi/lib/thumb/v7e-m/fpv4-sp/hard/libc_nano.a(lib_a-ctype_.o)
                              /home/chandran/arm-gcc-toolchain/bin/../lib/gcc/arm-none-eabi/7.3.1/../../../../arm-none-eabi/lib/thumb/v7e-m/fpv4-sp/hard/libc_nano.a(lib_a-locale.o) (_ctype_)
/home/chandran/arm-gcc-toolchain/bin/../lib/gcc/arm-none-eabi/7.3.1/../../../../arm-none-eabi/lib/thumb/v7e-m/fpv4-sp/hard/libnosys.a(_exit.o)
                              /home/chandran/arm-gcc-toolchain/bin/../lib/gcc/arm-none-eabi/7.3.1/../../../../arm-none-eabi/lib/thumb/v7e-m/fpv4-sp/hard/libc_nano.a(lib_a-exit.o) (_exit)

Allocating common symbols
Common symbol       size              file

nrf_nvic_state      0xc               _build/nrf52840_xxaa/app_util_platform.c.o
nrf_drv_uart_use_easy_dma
                    0x2               _build/nrf52840_xxaa/nrf_drv_uart.c.o
_SEGGER_RTT         0x78              _build/nrf52840_xxaa/SEGGER_RTT.c.o

Discarded input sections

 .text          0x0000000000000000        0x0 /home/chandran/arm-gcc-toolchain/bin/../lib/gcc/arm-none-eabi/7.3.1/thumb/v7e-m/fpv4-sp/hard/crti.o
 .data          0x0000000000000000        0x0 /home/chandran/arm-gcc-toolchain/bin/../lib/gcc/arm-none-eabi/7.3.1/thumb/v7e-m/fpv4-sp/hard/crti.o
[...]
Memory Configuration

Name             Origin             Length             Attributes
FLASH            0x0000000000027000 0x00000000000d9000 xr
RAM              0x0000000020002300 0x000000000003dd00 xrw
*default*        0x0000000000000000 0xffffffffffffffff

Linker script and memory map


.text           0x0000000000027000     0x47f0
 *(.isr_vector)
 .isr_vector    0x0000000000027000      0x200 _build/nrf52840_xxaa/gcc_startup_nrf52840.S.o
                0x0000000000027000                __isr_vector
 *(.text*)
 .text          0x0000000000027200       0x40 /home/chandran/arm-gcc-toolchain/bin/../lib/gcc/arm-none-eabi/7.3.1/thumb/v7e-m/fpv4-sp/hard/crtbegin.o
 .text          0x0000000000027240       0x74 /home/chandran/arm-gcc-toolchain/bin/../lib/gcc/arm-none-eabi/7.3.1/../../../../arm-none-eabi/lib/thumb/v7e-m/fpv4-sp/hard/crt0.o
                0x0000000000027240                _mainCRTStartup
                0x0000000000027240                _start
 .text          0x00000000000272b4       0x3c _build/nrf52840_xxaa/gcc_startup_nrf52840.S.o
                0x00000000000272b4                Reset_Handler
                0x00000000000272dc                NMI_Handler
                0x00000000000272de                HardFault_Handler
                0x00000000000272e0                MemoryManagement_Handler
                0x00000000000272e2                BusFault_Handler
                0x00000000000272e4                UsageFault_Handler
                0x00000000000272e6                SVC_Handler
                0x00000000000272e8                DebugMon_Handler
                0x00000000000272ea                PendSV_Handler
                0x00000000000272ec                SysTick_Handler
                0x00000000000272ee                TIMER2_IRQHandler
                0x00000000000272ee                RTC0_IRQHandler
                0x00000000000272ee                SWI0_EGU0_IRQHandler
                0x00000000000272ee                PWM1_IRQHandler
                0x00000000000272ee                RADIO_IRQHandler
                0x00000000000272ee                PDM_IRQHandler
                0x00000000000272ee                TEMP_IRQHandler
                0x00000000000272ee                QDEC_IRQHandler
                0x00000000000272ee                TIMER3_IRQHandler
                0x00000000000272ee                PWM3_IRQHandler
                0x00000000000272ee                FPU_IRQHandler
                0x00000000000272ee                USBD_IRQHandler
                0x00000000000272ee                SPIM0_SPIS0_TWIM0_TWIS0_SPI0_TWI0_IRQHandler
                0x00000000000272ee                TIMER4_IRQHandler
                0x00000000000272ee                CRYPTOCELL_IRQHandler
                0x00000000000272ee                I2S_IRQHandler
                0x00000000000272ee                SWI4_EGU4_IRQHandler
                0x00000000000272ee                TIMER0_IRQHandler
                0x00000000000272ee                UARTE1_IRQHandler
                0x00000000000272ee                TIMER1_IRQHandler
                0x00000000000272ee                SPIM3_IRQHandler
                0x00000000000272ee                PWM2_IRQHandler
                0x00000000000272ee                ECB_IRQHandler
                0x00000000000272ee                SPIM1_SPIS1_TWIM1_TWIS1_SPI1_TWI1_IRQHandler
                0x00000000000272ee                Default_Handler
                0x00000000000272ee                SAADC_IRQHandler
                0x00000000000272ee                CCM_AAR_IRQHandler
                0x00000000000272ee                WDT_IRQHandler
                0x00000000000272ee                SWI5_EGU5_IRQHandler
                0x00000000000272ee                RNG_IRQHandler
                0x00000000000272ee                RTC2_IRQHandler
                0x00000000000272ee                PWM0_IRQHandler
                0x00000000000272ee                SWI3_EGU3_IRQHandler
                0x00000000000272ee                SWI1_EGU1_IRQHandler
                0x00000000000272ee                SPIM2_SPIS2_SPI2_IRQHandler
                0x00000000000272ee                NFCT_IRQHandler
                0x00000000000272ee                MWU_IRQHandler
                0x00000000000272ee                QSPI_IRQHandler
                0x00000000000272ee                COMP_LPCOMP_IRQHandler
 .text.nrf_log_backend_serial_put
                0x00000000000272f0       0xd4 _build/nrf52840_xxaa/nrf_log_backend_serial.c.o
                0x00000000000272f0                nrf_log_backend_serial_put
 .text.nrf_log_backend_uart_flush
                0x00000000000273c4        0x4 _build/nrf52840_xxaa/nrf_log_backend_uart.c.o
 .text.nrf_log_backend_uart_put
                0x00000000000273c8       0x20 _build/nrf52840_xxaa/nrf_log_backend_uart.c.o
 .text.serial_tx
                0x00000000000273e8       0x4c _build/nrf52840_xxaa/nrf_log_backend_uart.c.o
 .text.nrf_log_backend_uart_panic_set
                0x0000000000027434       0x60 _build/nrf52840_xxaa/nrf_log_backend_uart.c.o
 .text.log_skip
                0x0000000000027494       0xc8 _build/nrf52840_xxaa/nrf_log_frontend.c.o
 .text.nrf_log_module_name_get
                0x000000000002755c       0x58 _build/nrf52840_xxaa/nrf_log_frontend.c.o
                0x000000000002755c                nrf_log_module_name_get
 .text.nrf_log_color_id_get
                0x00000000000275b4       0x2c _build/nrf52840_xxaa/nrf_log_frontend.c.o
                0x00000000000275b4                nrf_log_color_id_get
 .text.nrf_log_frontend_std_0
                0x00000000000275e0       0xe0 _build/nrf52840_xxaa/nrf_log_frontend.c.o
                0x00000000000275e0                nrf_log_frontend_std_0
 .text.nrf_log_frontend_dequeue.part.6
                0x00000000000276c0      0x248 _build/nrf52840_xxaa/nrf_log_frontend.c.o
 .text.nrf_log_frontend_dequeue
                0x0000000000027908       0x18 _build/nrf52840_xxaa/nrf_log_frontend.c.o
                0x0000000000027908                nrf_log_frontend_dequeue
 .text.nrf_log_panic
                0x0000000000027920       0x28 _build/nrf52840_xxaa/nrf_log_frontend.c.o
                0x0000000000027920                nrf_log_panic
 .text.nrf_log_std_entry_process
                0x0000000000027948      0x14c _build/nrf52840_xxaa/nrf_log_str_formatter.c.o
                0x0000000000027948                nrf_log_std_entry_process
 .text.nrf_log_hexdump_entry_process
                0x0000000000027a94      0x160 _build/nrf52840_xxaa/nrf_log_str_formatter.c.o
                0x0000000000027a94                nrf_log_hexdump_entry_process
 .text.gpiote_event_handler
                0x0000000000027bf4       0x80 _build/nrf52840_xxaa/app_button.c.o
 .text.detection_delay_timeout_handler
                0x0000000000027c74      0x294 _build/nrf52840_xxaa/app_button.c.o
 .text.app_button_init
                0x0000000000027f08       0xb8 _build/nrf52840_xxaa/app_button.c.o
                0x0000000000027f08                app_button_init
 .text.app_button_enable
                0x0000000000027fc0       0x2c _build/nrf52840_xxaa/app_button.c.o
                0x0000000000027fc0                app_button_enable
 .text.app_error_handler_bare
                0x0000000000027fec       0x20 _build/nrf52840_xxaa/app_error.c.o
                0x0000000000027fec                app_error_handler_bare
 .text.app_error_fault_handler
                0x000000000002800c       0x70 _build/nrf52840_xxaa/app_error_weak.c.o
                0x000000000002800c                app_error_fault_handler
 .text.compare_func
                0x000000000002807c       0x18 _build/nrf52840_xxaa/app_timer2.c.o
 .text.rtc_irq  0x0000000000028094      0x324 _build/nrf52840_xxaa/app_timer2.c.o
 .text.app_timer_init
                0x00000000000283b8       0x6c _build/nrf52840_xxaa/app_timer2.c.o
                0x00000000000283b8                app_timer_init
 .text.app_timer_create
                0x0000000000028424       0x1c _build/nrf52840_xxaa/app_timer2.c.o
                0x0000000000028424                app_timer_create
 .text.app_timer_start
                0x0000000000028440       0xa0 _build/nrf52840_xxaa/app_timer2.c.o
                0x0000000000028440                app_timer_start
 .text.app_timer_stop
                0x00000000000284e0       0x44 _build/nrf52840_xxaa/app_timer2.c.o
                0x00000000000284e0                app_timer_stop
 .text.app_util_critical_region_enter
                0x0000000000028524       0x4c _build/nrf52840_xxaa/app_util_platform.c.o
                0x0000000000028524                app_util_critical_region_enter
 .text.app_util_critical_region_exit
                0x0000000000028570       0x30 _build/nrf52840_xxaa/app_util_platform.c.o
                0x0000000000028570                app_util_critical_region_exit
 .text.drv_rtc_init
                0x00000000000285a0       0xb4 _build/nrf52840_xxaa/drv_rtc.c.o
                0x00000000000285a0                drv_rtc_init
 .text.drv_rtc_start
                0x0000000000028654        0x8 _build/nrf52840_xxaa/drv_rtc.c.o
                0x0000000000028654                drv_rtc_start
 .text.drv_rtc_stop
                0x000000000002865c        0x8 _build/nrf52840_xxaa/drv_rtc.c.o
                0x000000000002865c                drv_rtc_stop
 .text.drv_rtc_compare_set
                0x0000000000028664       0x4c _build/nrf52840_xxaa/drv_rtc.c.o
                0x0000000000028664                drv_rtc_compare_set
 .text.drv_rtc_windowed_compare_set
                0x00000000000286b0       0xf8 _build/nrf52840_xxaa/drv_rtc.c.o
                0x00000000000286b0                drv_rtc_windowed_compare_set
 .text.drv_rtc_overflow_enable
                0x00000000000287a8       0x14 _build/nrf52840_xxaa/drv_rtc.c.o
                0x00000000000287a8                drv_rtc_overflow_enable
 .text.drv_rtc_overflow_pending
                0x00000000000287bc       0x20 _build/nrf52840_xxaa/drv_rtc.c.o
                0x00000000000287bc                drv_rtc_overflow_pending
 .text.drv_rtc_compare_disable
                0x00000000000287dc       0x18 _build/nrf52840_xxaa/drv_rtc.c.o
                0x00000000000287dc                drv_rtc_compare_disable
 .text.drv_rtc_compare_pending
                0x00000000000287f4       0x24 _build/nrf52840_xxaa/drv_rtc.c.o
                0x00000000000287f4                drv_rtc_compare_pending
 .text.drv_rtc_counter_get
                0x0000000000028818        0x8 _build/nrf52840_xxaa/drv_rtc.c.o
                0x0000000000028818                drv_rtc_counter_get
 .text.drv_rtc_irq_trigger
                0x0000000000028820       0x24 _build/nrf52840_xxaa/drv_rtc.c.o
                0x0000000000028820                drv_rtc_irq_trigger
 .text.RTC1_IRQHandler
                0x0000000000028844       0x14 _build/nrf52840_xxaa/drv_rtc.c.o
                0x0000000000028844                RTC1_IRQHandler
 .text.nrf_atfifo_init
                0x0000000000028858       0x30 _build/nrf52840_xxaa/nrf_atfifo.c.o
                0x0000000000028858                nrf_atfifo_init
 .text.nrf_atfifo_item_alloc
                0x0000000000028888       0x58 _build/nrf52840_xxaa/nrf_atfifo.c.o
                0x0000000000028888                nrf_atfifo_item_alloc
 .text.nrf_atfifo_item_put
                0x00000000000288e0       0x20 _build/nrf52840_xxaa/nrf_atfifo.c.o
                0x00000000000288e0                nrf_atfifo_item_put
 .text.nrf_atfifo_item_get
                0x0000000000028900       0x5c _build/nrf52840_xxaa/nrf_atfifo.c.o
                0x0000000000028900                nrf_atfifo_item_get
 .text.nrf_atfifo_item_free
                0x000000000002895c       0x20 _build/nrf52840_xxaa/nrf_atfifo.c.o
                0x000000000002895c                nrf_atfifo_item_free
 .text.nrf_atflags_set
                0x000000000002897c       0x14 _build/nrf52840_xxaa/nrf_atflags.c.o
                0x000000000002897c                nrf_atflags_set
 .text.nrf_atflags_clear
                0x0000000000028990       0x14 _build/nrf52840_xxaa/nrf_atflags.c.o
                0x0000000000028990                nrf_atflags_clear
 .text.nrf_atflags_get
                0x00000000000289a4       0x14 _build/nrf52840_xxaa/nrf_atflags.c.o
                0x00000000000289a4                nrf_atflags_get
 .text.nrf_atomic_u32_fetch_store
                0x00000000000289b8       0x14 _build/nrf52840_xxaa/nrf_atomic.c.o
                0x00000000000289b8                nrf_atomic_u32_fetch_store
 .text.nrf_atomic_u32_or
                0x00000000000289cc       0x18 _build/nrf52840_xxaa/nrf_atomic.c.o
                0x00000000000289cc                nrf_atomic_u32_or
 .text.nrf_atomic_u32_and
                0x00000000000289e4       0x18 _build/nrf52840_xxaa/nrf_atomic.c.o
                0x00000000000289e4                nrf_atomic_u32_and
 .text.nrf_atomic_u32_add
                0x00000000000289fc       0x18 _build/nrf52840_xxaa/nrf_atomic.c.o
                0x00000000000289fc                nrf_atomic_u32_add
 .text.nrf_atomic_u32_sub
                0x0000000000028a14       0x18 _build/nrf52840_xxaa/nrf_atomic.c.o
                0x0000000000028a14                nrf_atomic_u32_sub
 .text.nrf_atomic_flag_set
                0x0000000000028a2c       0x18 _build/nrf52840_xxaa/nrf_atomic.c.o
                0x0000000000028a2c                nrf_atomic_flag_set
 .text.nrf_atomic_flag_clear_fetch
                0x0000000000028a44       0x18 _build/nrf52840_xxaa/nrf_atomic.c.o
                0x0000000000028a44                nrf_atomic_flag_clear_fetch
 .text.nrf_balloc_alloc
                0x0000000000028a5c       0x50 _build/nrf52840_xxaa/nrf_balloc.c.o
                0x0000000000028a5c                nrf_balloc_alloc
 .text.nrf_balloc_free
                0x0000000000028aac       0x38 _build/nrf52840_xxaa/nrf_balloc.c.o
                0x0000000000028aac                nrf_balloc_free
 .text.nrf_fprintf_buffer_flush
                0x0000000000028ae4       0x18 _build/nrf52840_xxaa/nrf_fprintf.c.o
                0x0000000000028ae4                nrf_fprintf_buffer_flush
 .text.nrf_fprintf
                0x0000000000028afc       0x20 _build/nrf52840_xxaa/nrf_fprintf.c.o
                0x0000000000028afc                nrf_fprintf
 .text.unsigned_print
                0x0000000000028b1c      0x148 _build/nrf52840_xxaa/nrf_fprintf_format.c.o
 .text.nrf_fprintf_fmt
                0x0000000000028c64      0x6e4 _build/nrf52840_xxaa/nrf_fprintf_format.c.o
                0x0000000000028c64                nrf_fprintf_fmt
 .text.nrf_memobj_alloc
                0x0000000000029348       0x84 _build/nrf52840_xxaa/nrf_memobj.c.o
                0x0000000000029348                nrf_memobj_alloc
 .text.nrf_memobj_get
                0x00000000000293cc        0x8 _build/nrf52840_xxaa/nrf_memobj.c.o
                0x00000000000293cc                nrf_memobj_get
 .text.nrf_memobj_put
                0x00000000000293d4       0x44 _build/nrf52840_xxaa/nrf_memobj.c.o
                0x00000000000293d4                nrf_memobj_put
 .text.nrf_memobj_write
                0x0000000000029418       0x68 _build/nrf52840_xxaa/nrf_memobj.c.o
                0x0000000000029418                nrf_memobj_write
 .text.nrf_memobj_read
                0x0000000000029480       0x68 _build/nrf52840_xxaa/nrf_memobj.c.o
                0x0000000000029480                nrf_memobj_read
 .text.nrf_section_iter_init
                0x00000000000294e8       0x14 _build/nrf52840_xxaa/nrf_section_iter.c.o
                0x00000000000294e8                nrf_section_iter_init
 .text.nrf_section_iter_next
                0x00000000000294fc       0x18 _build/nrf52840_xxaa/nrf_section_iter.c.o
                0x00000000000294fc                nrf_section_iter_next
 .text.nrf_sortlist_add
                0x0000000000029514       0x28 _build/nrf52840_xxaa/nrf_sortlist.c.o
                0x0000000000029514                nrf_sortlist_add
 .text.nrf_sortlist_pop
                0x000000000002953c        0xc _build/nrf52840_xxaa/nrf_sortlist.c.o
                0x000000000002953c                nrf_sortlist_pop
 .text.nrf_sortlist_peek
                0x0000000000029548        0x8 _build/nrf52840_xxaa/nrf_sortlist.c.o
                0x0000000000029548                nrf_sortlist_peek
 .text.nrf_sortlist_remove
                0x0000000000029550       0x28 _build/nrf52840_xxaa/nrf_sortlist.c.o
                0x0000000000029550                nrf_sortlist_remove
 .text.SystemInit
                0x0000000000029578      0x220 _build/nrf52840_xxaa/system_nrf52840.c.o
                0x0000000000029578                SystemInit
 .text.bsp_board_led_on
                0x0000000000029798       0x28 _build/nrf52840_xxaa/boards.c.o
                0x0000000000029798                bsp_board_led_on
 .text.bsp_board_led_off
                0x00000000000297c0       0x28 _build/nrf52840_xxaa/boards.c.o
                0x00000000000297c0                bsp_board_led_off
 .text.bsp_board_init
                0x00000000000297e8       0xd4 _build/nrf52840_xxaa/boards.c.o
                0x00000000000297e8                bsp_board_init
 .text.clock_irq_handler
                0x00000000000298bc       0x44 _build/nrf52840_xxaa/nrf_drv_clock.c.o
 .text.soc_evt_handler
                0x0000000000029900       0x28 _build/nrf52840_xxaa/nrf_drv_clock.c.o
 .text.sd_state_evt_handler
                0x0000000000029928       0xc0 _build/nrf52840_xxaa/nrf_drv_clock.c.o
 .text.uarte_evt_handler
                0x00000000000299e8       0x34 _build/nrf52840_xxaa/nrf_drv_uart.c.o
 .text.uart_evt_handler
                0x0000000000029a1c       0x34 _build/nrf52840_xxaa/nrf_drv_uart.c.o
 .text.nrf_drv_uart_init
                0x0000000000029a50       0x88 _build/nrf52840_xxaa/nrf_drv_uart.c.o
                0x0000000000029a50                nrf_drv_uart_init
 .text.nrfx_clock_init
                0x0000000000029ad8       0x1c _build/nrf52840_xxaa/nrfx_clock.c.o
                0x0000000000029ad8                nrfx_clock_init
 .text.nrfx_clock_enable
                0x0000000000029af4       0x24 _build/nrf52840_xxaa/nrfx_clock.c.o
                0x0000000000029af4                nrfx_clock_enable
 .text.nrfx_clock_lfclk_stop
                0x0000000000029b18       0x38 _build/nrf52840_xxaa/nrfx_clock.c.o
                0x0000000000029b18                nrfx_clock_lfclk_stop
 .text.POWER_CLOCK_IRQHandler
                0x0000000000029b50       0x64 _build/nrf52840_xxaa/nrfx_clock.c.o
                0x0000000000029b50                POWER_CLOCK_IRQHandler
 .text.nrfx_gpiote_init
                0x0000000000029bb4       0xac _build/nrf52840_xxaa/nrfx_gpiote.c.o
                0x0000000000029bb4                nrfx_gpiote_init
 .text.nrfx_gpiote_is_init
                0x0000000000029c60       0x14 _build/nrf52840_xxaa/nrfx_gpiote.c.o
                0x0000000000029c60                nrfx_gpiote_is_init
 .text.nrfx_gpiote_in_init
                0x0000000000029c74      0x1e0 _build/nrf52840_xxaa/nrfx_gpiote.c.o
                0x0000000000029c74                nrfx_gpiote_in_init
 .text.nrfx_gpiote_in_event_enable
                0x0000000000029e54       0xf8 _build/nrf52840_xxaa/nrfx_gpiote.c.o
                0x0000000000029e54                nrfx_gpiote_in_event_enable
 .text.nrfx_gpiote_in_is_set
                0x0000000000029f4c       0x20 _build/nrf52840_xxaa/nrfx_gpiote.c.o
                0x0000000000029f4c                nrfx_gpiote_in_is_set
 .text.GPIOTE_IRQHandler
                0x0000000000029f6c      0x2bc _build/nrf52840_xxaa/nrfx_gpiote.c.o
                0x0000000000029f6c                GPIOTE_IRQHandler
 .text.UARTE0_UART0_IRQHandler
                0x000000000002a228        0xc _build/nrf52840_xxaa/nrfx_prs.c.o
                0x000000000002a228                UARTE0_UART0_IRQHandler
 .text.nrfx_prs_acquire
                0x000000000002a234       0x4c _build/nrf52840_xxaa/nrfx_prs.c.o
                0x000000000002a234                nrfx_prs_acquire
 .text.nrfx_prs_release
                0x000000000002a280       0x18 _build/nrf52840_xxaa/nrfx_prs.c.o
                0x000000000002a280                nrfx_prs_release
 .text.nrfx_uart_0_irq_handler
                0x000000000002a298      0x1c0 _build/nrf52840_xxaa/nrfx_uart.c.o
                0x000000000002a298                nrfx_uart_0_irq_handler
 .text.nrfx_uart_init
                0x000000000002a458      0x1e8 _build/nrf52840_xxaa/nrfx_uart.c.o
                0x000000000002a458                nrfx_uart_init
 .text.nrfx_uart_uninit
                0x000000000002a640      0x108 _build/nrf52840_xxaa/nrfx_uart.c.o
                0x000000000002a640                nrfx_uart_uninit
 .text.nrfx_uart_tx
                0x000000000002a748       0xcc _build/nrf52840_xxaa/nrfx_uart.c.o
                0x000000000002a748                nrfx_uart_tx
 .text.nrfx_uarte_0_irq_handler
                0x000000000002a814      0x154 _build/nrf52840_xxaa/nrfx_uarte.c.o
                0x000000000002a814                nrfx_uarte_0_irq_handler
 .text.nrfx_uarte_init
                0x000000000002a968      0x234 _build/nrf52840_xxaa/nrfx_uarte.c.o
                0x000000000002a968                nrfx_uarte_init
 .text.nrfx_uarte_uninit
                0x000000000002ab9c      0x168 _build/nrf52840_xxaa/nrfx_uarte.c.o
                0x000000000002ab9c                nrfx_uarte_uninit
 .text.nrfx_uarte_tx
                0x000000000002ad04       0xac _build/nrf52840_xxaa/nrfx_uarte.c.o
                0x000000000002ad04                nrfx_uarte_tx
 .text.button_handler
                0x000000000002adb0       0x1c _build/nrf52840_xxaa/main.c.o
 .text.startup.main
                0x000000000002adcc       0x28 _build/nrf52840_xxaa/main.c.o
                0x000000000002adcc                main
 .text.ble_evt_handler
                0x000000000002adf4      0x1d4 _build/nrf52840_xxaa/ble_conn_params.c.o
 .text.ble_evt_handler
                0x000000000002afc8      0x160 _build/nrf52840_xxaa/ble_conn_state.c.o
 .text.ble_srv_is_notification_enabled
                0x000000000002b128        0x8 _build/nrf52840_xxaa/ble_srv_common.c.o
                0x000000000002b128                ble_srv_is_notification_enabled
 .text.sd_softdevice_enable
                0x000000000002b130        0x4 _build/nrf52840_xxaa/nrf_sdh.c.o
 .text.nrf_sdh_enable_request
                0x000000000002b134      0x114 _build/nrf52840_xxaa/nrf_sdh.c.o
                0x000000000002b134                nrf_sdh_enable_request
 .text.nrf_sdh_is_enabled
                0x000000000002b248        0xc _build/nrf52840_xxaa/nrf_sdh.c.o
                0x000000000002b248                nrf_sdh_is_enabled
 .text.SWI2_EGU2_IRQHandler
                0x000000000002b254       0x2c _build/nrf52840_xxaa/nrf_sdh.c.o
                0x000000000002b254                SWI2_EGU2_IRQHandler
 .text.sd_ble_evt_get
                0x000000000002b280        0x4 _build/nrf52840_xxaa/nrf_sdh_ble.c.o
 .text.nrf_sdh_ble_evts_poll
                0x000000000002b284       0x58 _build/nrf52840_xxaa/nrf_sdh_ble.c.o
 .text.sd_evt_get
                0x000000000002b2dc        0x4 _build/nrf52840_xxaa/nrf_sdh_soc.c.o
 .text.nrf_sdh_soc_evts_poll
                0x000000000002b2e0       0x4c _build/nrf52840_xxaa/nrf_sdh_soc.c.o
 .text.exit     0x000000000002b32c       0x28 /home/chandran/arm-gcc-toolchain/bin/../lib/gcc/arm-none-eabi/7.3.1/../../../../arm-none-eabi/lib/thumb/v7e-m/fpv4-sp/hard/libc_nano.a(lib_a-exit.o)
                0x000000000002b32c                exit
 .text.__libc_init_array
                0x000000000002b354       0x48 /home/chandran/arm-gcc-toolchain/bin/../lib/gcc/arm-none-eabi/7.3.1/../../../../arm-none-eabi/lib/thumb/v7e-m/fpv4-sp/hard/libc_nano.a(lib_a-init.o)
                0x000000000002b354                __libc_init_array
 .text.__locale_ctype_ptr
                0x000000000002b39c       0x1c /home/chandran/arm-gcc-toolchain/bin/../lib/gcc/arm-none-eabi/7.3.1/../../../../arm-none-eabi/lib/thumb/v7e-m/fpv4-sp/hard/libc_nano.a(lib_a-locale.o)
                0x000000000002b39c                __locale_ctype_ptr
 .text.__ascii_mbtowc
                0x000000000002b3b8       0x24 /home/chandran/arm-gcc-toolchain/bin/../lib/gcc/arm-none-eabi/7.3.1/../../../../arm-none-eabi/lib/thumb/v7e-m/fpv4-sp/hard/libc_nano.a(lib_a-mbtowc_r.o)
                0x000000000002b3b8                __ascii_mbtowc
 .text.memcpy   0x000000000002b3dc       0x16 /home/chandran/arm-gcc-toolchain/bin/../lib/gcc/arm-none-eabi/7.3.1/../../../../arm-none-eabi/lib/thumb/v7e-m/fpv4-sp/hard/libc_nano.a(lib_a-memcpy-stub.o)
                0x000000000002b3dc                memcpy
 .text.memset   0x000000000002b3f2       0x10 /home/chandran/arm-gcc-toolchain/bin/../lib/gcc/arm-none-eabi/7.3.1/../../../../arm-none-eabi/lib/thumb/v7e-m/fpv4-sp/hard/libc_nano.a(lib_a-memset.o)
                0x000000000002b3f2                memset
 .text          0x000000000002b402       0x10 /home/chandran/arm-gcc-toolchain/bin/../lib/gcc/arm-none-eabi/7.3.1/../../../../arm-none-eabi/lib/thumb/v7e-m/fpv4-sp/hard/libc_nano.a(lib_a-strlen.o)
                0x000000000002b402                strlen
 .text.__ascii_wctomb
                0x000000000002b412       0x1a /home/chandran/arm-gcc-toolchain/bin/../lib/gcc/arm-none-eabi/7.3.1/../../../../arm-none-eabi/lib/thumb/v7e-m/fpv4-sp/hard/libc_nano.a(lib_a-wctomb_r.o)
                0x000000000002b412                __ascii_wctomb
 .text._exit    0x000000000002b42c        0x4 /home/chandran/arm-gcc-toolchain/bin/../lib/gcc/arm-none-eabi/7.3.1/../../../../arm-none-eabi/lib/thumb/v7e-m/fpv4-sp/hard/libnosys.a(_exit.o)
                0x000000000002b42c                _exit
 *(.init)
 .init          0x000000000002b430        0x4 /home/chandran/arm-gcc-toolchain/bin/../lib/gcc/arm-none-eabi/7.3.1/thumb/v7e-m/fpv4-sp/hard/crti.o
                0x000000000002b430                _init
 .init          0x000000000002b434        0x8 /home/chandran/arm-gcc-toolchain/bin/../lib/gcc/arm-none-eabi/7.3.1/thumb/v7e-m/fpv4-sp/hard/crtn.o
 *(.fini)
 .fini          0x000000000002b43c        0x4 /home/chandran/arm-gcc-toolchain/bin/../lib/gcc/arm-none-eabi/7.3.1/thumb/v7e-m/fpv4-sp/hard/crti.o
                0x000000000002b43c                _fini
 .fini          0x000000000002b440        0x8 /home/chandran/arm-gcc-toolchain/bin/../lib/gcc/arm-none-eabi/7.3.1/thumb/v7e-m/fpv4-sp/hard/crtn.o
 *crtbegin.o(.ctors)
 *crtbegin?.o(.ctors)
 *(EXCLUDE_FILE(*crtend.o *crtend?.o) .ctors)
 *(SORT_BY_NAME(.ctors.*))
 *(.ctors)
 *crtbegin.o(.dtors)
 *crtbegin?.o(.dtors)
 *(EXCLUDE_FILE(*crtend.o *crtend?.o) .dtors)
 *(SORT_BY_NAME(.dtors.*))
 *(.dtors)
 *(.rodata*)
 .rodata        0x000000000002b448       0x20 _build/nrf52840_xxaa/nrf_log_backend_uart.c.o
 .rodata.nrf_log_backend_uart_api
                0x000000000002b468        0xc _build/nrf52840_xxaa/nrf_log_backend_uart.c.o
                0x000000000002b468                nrf_log_backend_uart_api
 .rodata.str1.4
                0x000000000002b474       0x11 _build/nrf52840_xxaa/nrf_log_default_backends.c.o
 *fill*         0x000000000002b485        0x3 
 .rodata.nrf_log_frontend_dequeue.part.6.str1.4
                0x000000000002b488       0x11 _build/nrf52840_xxaa/nrf_log_frontend.c.o
 *fill*         0x000000000002b499        0x3 
 .rodata.str1.4
                0x000000000002b49c        0x4 _build/nrf52840_xxaa/nrf_log_frontend.c.o
 .rodata.m_colors
                0x000000000002b4a0       0x24 _build/nrf52840_xxaa/nrf_log_str_formatter.c.o
 .rodata.nrf_log_hexdump_entry_process.str1.4
                0x000000000002b4c4       0x13 _build/nrf52840_xxaa/nrf_log_str_formatter.c.o
                                         0x16 (size before relaxing)
 *fill*         0x000000000002b4d7        0x1 
 .rodata.nrf_log_std_entry_process.str1.4
                0x000000000002b4d8       0x3b _build/nrf52840_xxaa/nrf_log_str_formatter.c.o
 *fill*         0x000000000002b513        0x1 
 .rodata.severity_names
                0x000000000002b514       0x14 _build/nrf52840_xxaa/nrf_log_str_formatter.c.o
 .rodata.str1.4
                0x000000000002b528       0x56 _build/nrf52840_xxaa/nrf_log_str_formatter.c.o
 *fill*         0x000000000002b57e        0x2 
 .rodata.m_detection_delay_timer_id
                0x000000000002b580        0x4 _build/nrf52840_xxaa/app_button.c.o
 .rodata.str1.4
                0x000000000002b584        0xb _build/nrf52840_xxaa/app_button.c.o
 *fill*         0x000000000002b58f        0x1 
 .rodata.app_error_fault_handler.str1.4
                0x000000000002b590       0x19 _build/nrf52840_xxaa/app_error_weak.c.o
 *fill*         0x000000000002b5a9        0x3 
 .rodata        0x000000000002b5ac        0x4 _build/nrf52840_xxaa/app_timer2.c.o
 .rodata.m_app_timer_sortlist
                0x000000000002b5b0        0xc _build/nrf52840_xxaa/app_timer2.c.o
 .rodata.str1.4
                0x000000000002b5bc        0xa _build/nrf52840_xxaa/app_timer2.c.o
 *fill*         0x000000000002b5c6        0xa 
 .rodata.delay_machine_code.8730
                0x000000000002b5d0        0x6 _build/nrf52840_xxaa/drv_rtc.c.o
 *fill*         0x000000000002b5d6        0x2 
 .rodata.drv_rtc_init.str1.4
                0x000000000002b5d8       0x36 _build/nrf52840_xxaa/drv_rtc.c.o
 *fill*         0x000000000002b60e        0x2 
 .rodata._aV2C.7790
                0x000000000002b610       0x10 _build/nrf52840_xxaa/nrf_fprintf_format.c.o
 .rodata.str1.4
                0x000000000002b620        0x9 _build/nrf52840_xxaa/nrf_pwr_mgmt.c.o
 *fill*         0x000000000002b629        0x3 
 .rodata.str1.4
                0x000000000002b62c        0x9 _build/nrf52840_xxaa/nrf_sortlist.c.o
 *fill*         0x000000000002b635        0x3 
 .rodata.CSWTCH.6
                0x000000000002b638        0x4 _build/nrf52840_xxaa/system_nrf52840.c.o
 .rodata.m_board_led_list
                0x000000000002b63c        0x4 _build/nrf52840_xxaa/boards.c.o
 .rodata.str1.4
                0x000000000002b640        0x6 _build/nrf52840_xxaa/nrf_drv_clock.c.o
 *fill*         0x000000000002b646        0x2 
 .rodata.str1.4
                0x000000000002b648        0x6 _build/nrf52840_xxaa/nrfx_clock.c.o
 *fill*         0x000000000002b64e        0x2 
 .rodata.str1.4
                0x000000000002b650        0x7 _build/nrf52840_xxaa/nrfx_gpiote.c.o
 *fill*         0x000000000002b657        0x1 
 .rodata.str1.4
                0x000000000002b658        0x4 _build/nrf52840_xxaa/nrfx_prs.c.o
 .rodata.str1.4
                0x000000000002b65c        0x5 _build/nrf52840_xxaa/nrfx_uart.c.o
 *fill*         0x000000000002b661        0x3 
 .rodata.str1.4
                0x000000000002b664        0x6 _build/nrf52840_xxaa/nrfx_uarte.c.o
 *fill*         0x000000000002b66a        0x2 
 .rodata.str1.4
                0x000000000002b66c        0xd _build/nrf52840_xxaa/nrf_ble_gatt.c.o
 *fill*         0x000000000002b679        0x3 
 .rodata        0x000000000002b67c        0x4 _build/nrf52840_xxaa/nrf_sdh.c.o
 .rodata.sdh_req_observers
                0x000000000002b680        0xc _build/nrf52840_xxaa/nrf_sdh.c.o
 .rodata.sdh_stack_observers
                0x000000000002b68c        0xc _build/nrf52840_xxaa/nrf_sdh.c.o
 .rodata.sdh_state_observers
                0x000000000002b698        0xc _build/nrf52840_xxaa/nrf_sdh.c.o
 .rodata.str1.4
                0x000000000002b6a4        0x8 _build/nrf52840_xxaa/nrf_sdh.c.o
 .rodata.sdh_ble_observers
                0x000000000002b6ac        0xc _build/nrf52840_xxaa/nrf_sdh_ble.c.o
 .rodata.str1.4
                0x000000000002b6b8        0xc _build/nrf52840_xxaa/nrf_sdh_ble.c.o
 .rodata.sdh_soc_observers
                0x000000000002b6c4        0xc _build/nrf52840_xxaa/nrf_sdh_soc.c.o
 .rodata.str1.4
                0x000000000002b6d0        0xc _build/nrf52840_xxaa/nrf_sdh_soc.c.o
 .rodata._global_impure_ptr
                0x000000000002b6dc        0x4 /home/chandran/arm-gcc-toolchain/bin/../lib/gcc/arm-none-eabi/7.3.1/../../../../arm-none-eabi/lib/thumb/v7e-m/fpv4-sp/hard/libc_nano.a(lib_a-impure.o)
                0x000000000002b6dc                _global_impure_ptr
 .rodata._setlocale_r.str1.1
                0x000000000002b6e0        0x8 /home/chandran/arm-gcc-toolchain/bin/../lib/gcc/arm-none-eabi/7.3.1/../../../../arm-none-eabi/lib/thumb/v7e-m/fpv4-sp/hard/libc_nano.a(lib_a-locale.o)
                                          0x9 (size before relaxing)
 .rodata.str1.1
                0x000000000002b6e8        0x2 /home/chandran/arm-gcc-toolchain/bin/../lib/gcc/arm-none-eabi/7.3.1/../../../../arm-none-eabi/lib/thumb/v7e-m/fpv4-sp/hard/libc_nano.a(lib_a-locale.o)
 .rodata._ctype_
                0x000000000002b6ea      0x101 /home/chandran/arm-gcc-toolchain/bin/../lib/gcc/arm-none-eabi/7.3.1/../../../../arm-none-eabi/lib/thumb/v7e-m/fpv4-sp/hard/libc_nano.a(lib_a-ctype_.o)
                0x000000000002b6ea                _ctype_
 *(.eh_frame*)
 *fill*         0x000000000002b7eb        0x1 
 .eh_frame      0x000000000002b7ec        0x0 /home/chandran/arm-gcc-toolchain/bin/../lib/gcc/arm-none-eabi/7.3.1/thumb/v7e-m/fpv4-sp/hard/crtbegin.o
 .eh_frame      0x000000000002b7ec        0x4 /home/chandran/arm-gcc-toolchain/bin/../lib/gcc/arm-none-eabi/7.3.1/thumb/v7e-m/fpv4-sp/hard/crtend.o

.glue_7         0x000000000002b7f0        0x0
 .glue_7        0x000000000002b7f0        0x0 linker stubs

.glue_7t        0x000000000002b7f0        0x0
 .glue_7t       0x000000000002b7f0        0x0 linker stubs

.vfp11_veneer   0x000000000002b7f0        0x0
 .vfp11_veneer  0x000000000002b7f0        0x0 linker stubs

.v4_bx          0x000000000002b7f0        0x0
 .v4_bx         0x000000000002b7f0        0x0 linker stubs

.iplt           0x000000000002b7f0        0x0
 .iplt          0x000000000002b7f0        0x0 /home/chandran/arm-gcc-toolchain/bin/../lib/gcc/arm-none-eabi/7.3.1/thumb/v7e-m/fpv4-sp/hard/crtbegin.o

.mem_section_dummy_rom

.sdh_soc_observers
                0x000000000002b7f0        0x8
                0x000000000002b7f0                PROVIDE (__start_sdh_soc_observers = .)
 *(SORT_BY_NAME(.sdh_soc_observers*))
 .sdh_soc_observers0
                0x000000000002b7f0        0x8 _build/nrf52840_xxaa/nrf_drv_clock.c.o
                0x000000000002b7f8                PROVIDE (__stop_sdh_soc_observers = .)

.pwr_mgmt_data  0x000000000002b7f8        0x0
                0x000000000002b7f8                PROVIDE (__start_pwr_mgmt_data = .)
 *(SORT_BY_NAME(.pwr_mgmt_data*))
                0x000000000002b7f8                PROVIDE (__stop_pwr_mgmt_data = .)

.sdh_ble_observers
                0x000000000002b7f8       0x10
                0x000000000002b7f8                PROVIDE (__start_sdh_ble_observers = .)
 *(SORT_BY_NAME(.sdh_ble_observers*))
 .sdh_ble_observers0
                0x000000000002b7f8        0x8 _build/nrf52840_xxaa/ble_conn_state.c.o
 .sdh_ble_observers1
                0x000000000002b800        0x8 _build/nrf52840_xxaa/ble_conn_params.c.o
                0x000000000002b808                PROVIDE (__stop_sdh_ble_observers = .)

.sdh_req_observers
                0x000000000002b808        0x0
                0x000000000002b808                PROVIDE (__start_sdh_req_observers = .)
 *(SORT_BY_NAME(.sdh_req_observers*))
                0x000000000002b808                PROVIDE (__stop_sdh_req_observers = .)

.sdh_state_observers
                0x000000000002b808        0x8
                0x000000000002b808                PROVIDE (__start_sdh_state_observers = .)
 *(SORT_BY_NAME(.sdh_state_observers*))
 .sdh_state_observers0
                0x000000000002b808        0x8 _build/nrf52840_xxaa/nrf_drv_clock.c.o
                0x000000000002b810                PROVIDE (__stop_sdh_state_observers = .)

.sdh_stack_observers
                0x000000000002b810       0x10
                0x000000000002b810                PROVIDE (__start_sdh_stack_observers = .)
 *(SORT_BY_NAME(.sdh_stack_observers*))
 .sdh_stack_observers0
                0x000000000002b810        0x8 _build/nrf52840_xxaa/nrf_sdh_ble.c.o
 .sdh_stack_observers0
                0x000000000002b818        0x8 _build/nrf52840_xxaa/nrf_sdh_soc.c.o
                0x000000000002b820                PROVIDE (__stop_sdh_stack_observers = .)

.nrf_queue      0x000000000002b820        0x0
                [!provide]                        PROVIDE (__start_nrf_queue = .)
 *(.nrf_queue)
                [!provide]                        PROVIDE (__stop_nrf_queue = .)

.nrf_balloc     0x000000000002b820       0x14
                [!provide]                        PROVIDE (__start_nrf_balloc = .)
 *(.nrf_balloc)
 .nrf_balloc    0x000000000002b820       0x14 _build/nrf52840_xxaa/nrf_log_frontend.c.o
                0x000000000002b820                log_mempool
                [!provide]                        PROVIDE (__stop_nrf_balloc = .)

.cli_command    0x000000000002b834        0x0
                [!provide]                        PROVIDE (__start_cli_command = .)
 *(.cli_command)
                [!provide]                        PROVIDE (__stop_cli_command = .)

.crypto_data    0x000000000002b834        0x0
                [!provide]                        PROVIDE (__start_crypto_data = .)
 *(SORT_BY_NAME(.crypto_data*))
                [!provide]                        PROVIDE (__stop_crypto_data = .)

.log_const_data
                0x000000000002b834       0x78
                0x000000000002b834                PROVIDE (__start_log_const_data = .)
 *(SORT_BY_NAME(.log_const_data*))
 .log_const_data_CLOCK
                0x000000000002b834        0x8 _build/nrf52840_xxaa/nrfx_clock.c.o
                0x000000000002b834                m_nrf_log_CLOCK_logs_data_const
 .log_const_data_GPIOTE
                0x000000000002b83c        0x8 _build/nrf52840_xxaa/nrfx_gpiote.c.o
                0x000000000002b83c                m_nrf_log_GPIOTE_logs_data_const
 .log_const_data_PRS
                0x000000000002b844        0x8 _build/nrf52840_xxaa/nrfx_prs.c.o
                0x000000000002b844                m_nrf_log_PRS_logs_data_const
 .log_const_data_UART
                0x000000000002b84c        0x8 _build/nrf52840_xxaa/nrfx_uart.c.o
                0x000000000002b84c                m_nrf_log_UART_logs_data_const
 .log_const_data_UARTE
                0x000000000002b854        0x8 _build/nrf52840_xxaa/nrfx_uarte.c.o
                0x000000000002b854                m_nrf_log_UARTE_logs_data_const
 .log_const_data_app
                0x000000000002b85c        0x8 _build/nrf52840_xxaa/nrf_log_frontend.c.o
                0x000000000002b85c                m_nrf_log_app_logs_data_const
 .log_const_data_app_button
                0x000000000002b864        0x8 _build/nrf52840_xxaa/app_button.c.o
                0x000000000002b864                m_nrf_log_app_button_logs_data_const
 .log_const_data_app_timer
                0x000000000002b86c        0x8 _build/nrf52840_xxaa/app_timer2.c.o
                0x000000000002b86c                m_nrf_log_app_timer_logs_data_const
 .log_const_data_clock
                0x000000000002b874        0x8 _build/nrf52840_xxaa/nrf_drv_clock.c.o
                0x000000000002b874                m_nrf_log_clock_logs_data_const
 .log_const_data_nrf_ble_gatt
                0x000000000002b87c        0x8 _build/nrf52840_xxaa/nrf_ble_gatt.c.o
                0x000000000002b87c                m_nrf_log_nrf_ble_gatt_logs_data_const
 .log_const_data_nrf_sdh
                0x000000000002b884        0x8 _build/nrf52840_xxaa/nrf_sdh.c.o
                0x000000000002b884                m_nrf_log_nrf_sdh_logs_data_const
 .log_const_data_nrf_sdh_ble
                0x000000000002b88c        0x8 _build/nrf52840_xxaa/nrf_sdh_ble.c.o
                0x000000000002b88c                m_nrf_log_nrf_sdh_ble_logs_data_const
 .log_const_data_nrf_sdh_soc
                0x000000000002b894        0x8 _build/nrf52840_xxaa/nrf_sdh_soc.c.o
                0x000000000002b894                m_nrf_log_nrf_sdh_soc_logs_data_const
 .log_const_data_pwr_mgmt
                0x000000000002b89c        0x8 _build/nrf52840_xxaa/nrf_pwr_mgmt.c.o
                0x000000000002b89c                m_nrf_log_pwr_mgmt_logs_data_const
 .log_const_data_sortlist
                0x000000000002b8a4        0x8 _build/nrf52840_xxaa/nrf_sortlist.c.o
                0x000000000002b8a4                m_nrf_log_sortlist_logs_data_const
                0x000000000002b8ac                PROVIDE (__stop_log_const_data = .)

.log_backends   0x000000000002b8ac       0x10
                [!provide]                        PROVIDE (__start_log_backends = .)
 *(SORT_BY_NAME(.log_backends*))
 .log_backends  0x000000000002b8ac       0x10 _build/nrf52840_xxaa/nrf_log_default_backends.c.o
                [!provide]                        PROVIDE (__stop_log_backends = .)

.ARM.extab
 *(.ARM.extab* .gnu.linkonce.armextab.*)
                0x000000000002b8bc                __exidx_start = .

.ARM.exidx      0x000000000002b8bc        0x8
 *(.ARM.exidx* .gnu.linkonce.armexidx.*)
 .ARM.exidx     0x000000000002b8bc        0x8 /home/chandran/arm-gcc-toolchain/bin/../lib/gcc/arm-none-eabi/7.3.1/../../../../arm-none-eabi/lib/thumb/v7e-m/fpv4-sp/hard/crt0.o
                0x000000000002b8c4                __exidx_end = .

.rel.dyn        0x000000000002b8c4        0x0
 .rel.iplt      0x000000000002b8c4        0x0 /home/chandran/arm-gcc-toolchain/bin/../lib/gcc/arm-none-eabi/7.3.1/thumb/v7e-m/fpv4-sp/hard/crtbegin.o
                0x000000000002b8c4                . = ALIGN (0x4)
                0x000000000002b8c4                __etext = .

.data           0x0000000020002300      0x208 load address 0x000000000002b8c4
                0x0000000020002300                __data_start__ = .
 *(vtable)
 *(.data*)
 .data.m_uart   0x0000000020002300       0x14 _build/nrf52840_xxaa/nrf_log_backend_uart.c.o
                0x0000000020002300                m_uart
 .data.log_backend_cb_uart_log_backend
                0x0000000020002314        0x8 _build/nrf52840_xxaa/nrf_log_default_backends.c.o
 .data.m_rtc_inst
                0x000000002000231c        0x8 _build/nrf52840_xxaa/app_timer2.c.o
 .data.SystemCoreClock
                0x0000000020002324        0x4 _build/nrf52840_xxaa/system_nrf52840.c.o
                0x0000000020002324                SystemCoreClock
 .data.buttons.9314
                0x0000000020002328        0x8 _build/nrf52840_xxaa/main.c.o
 .data._impure_ptr
                0x0000000020002330        0x4 /home/chandran/arm-gcc-toolchain/bin/../lib/gcc/arm-none-eabi/7.3.1/../../../../arm-none-eabi/lib/thumb/v7e-m/fpv4-sp/hard/libc_nano.a(lib_a-impure.o)
                0x0000000020002330                _impure_ptr
 .data.impure_data
                0x0000000020002334       0x60 /home/chandran/arm-gcc-toolchain/bin/../lib/gcc/arm-none-eabi/7.3.1/../../../../arm-none-eabi/lib/thumb/v7e-m/fpv4-sp/hard/libc_nano.a(lib_a-impure.o)
 .data.__global_locale
                0x0000000020002394      0x16c /home/chandran/arm-gcc-toolchain/bin/../lib/gcc/arm-none-eabi/7.3.1/../../../../arm-none-eabi/lib/thumb/v7e-m/fpv4-sp/hard/libc_nano.a(lib_a-locale.o)
                0x0000000020002394                __global_locale
                0x0000000020002500                . = ALIGN (0x4)
                0x0000000020002500                PROVIDE (__preinit_array_start = .)
 *(.preinit_array)
                0x0000000020002500                PROVIDE (__preinit_array_end = .)
                0x0000000020002500                . = ALIGN (0x4)
                0x0000000020002500                PROVIDE (__init_array_start = .)
 *(SORT_BY_NAME(.init_array.*))
 *(.init_array)
 .init_array    0x0000000020002500        0x4 /home/chandran/arm-gcc-toolchain/bin/../lib/gcc/arm-none-eabi/7.3.1/thumb/v7e-m/fpv4-sp/hard/crtbegin.o
                0x0000000020002504                PROVIDE (__init_array_end = .)
                0x0000000020002504                . = ALIGN (0x4)
                [!provide]                        PROVIDE (__fini_array_start = .)
 *(SORT_BY_NAME(.fini_array.*))
 *(.fini_array)
 .fini_array    0x0000000020002504        0x4 /home/chandran/arm-gcc-toolchain/bin/../lib/gcc/arm-none-eabi/7.3.1/thumb/v7e-m/fpv4-sp/hard/crtbegin.o
                [!provide]                        PROVIDE (__fini_array_end = .)
 *(.jcr*)
                0x0000000020002508                . = ALIGN (0x4)
                0x0000000020002508                __data_end__ = .
LOAD /home/chandran/arm-gcc-toolchain/bin/../lib/gcc/arm-none-eabi/7.3.1/thumb/v7e-m/fpv4-sp/hard/crti.o
LOAD /home/chandran/arm-gcc-toolchain/bin/../lib/gcc/arm-none-eabi/7.3.1/thumb/v7e-m/fpv4-sp/hard/crtbegin.o
LOAD /home/chandran/arm-gcc-toolchain/bin/../lib/gcc/arm-none-eabi/7.3.1/../../../../arm-none-eabi/lib/thumb/v7e-m/fpv4-sp/hard/crt0.o
LOAD _build/nrf52840_xxaa/gcc_startup_nrf52840.S.o
LOAD _build/nrf52840_xxaa/nrf_log_backend_rtt.c.o
LOAD _build/nrf52840_xxaa/nrf_log_backend_serial.c.o
LOAD _build/nrf52840_xxaa/nrf_log_backend_uart.c.o
LOAD _build/nrf52840_xxaa/nrf_log_default_backends.c.o
LOAD _build/nrf52840_xxaa/nrf_log_frontend.c.o
LOAD _build/nrf52840_xxaa/nrf_log_str_formatter.c.o
LOAD _build/nrf52840_xxaa/app_button.c.o
LOAD _build/nrf52840_xxaa/app_error.c.o
LOAD _build/nrf52840_xxaa/app_error_handler_gcc.c.o
LOAD _build/nrf52840_xxaa/app_error_weak.c.o
LOAD _build/nrf52840_xxaa/app_scheduler.c.o
LOAD _build/nrf52840_xxaa/app_timer2.c.o
LOAD _build/nrf52840_xxaa/app_util_platform.c.o
LOAD _build/nrf52840_xxaa/drv_rtc.c.o
LOAD _build/nrf52840_xxaa/hardfault_implementation.c.o
LOAD _build/nrf52840_xxaa/nrf_assert.c.o
LOAD _build/nrf52840_xxaa/nrf_atfifo.c.o
LOAD _build/nrf52840_xxaa/nrf_atflags.c.o
LOAD _build/nrf52840_xxaa/nrf_atomic.c.o
LOAD _build/nrf52840_xxaa/nrf_balloc.c.o
LOAD _build/nrf52840_xxaa/nrf_fprintf.c.o
LOAD _build/nrf52840_xxaa/nrf_fprintf_format.c.o
LOAD _build/nrf52840_xxaa/nrf_memobj.c.o
LOAD _build/nrf52840_xxaa/nrf_pwr_mgmt.c.o
LOAD _build/nrf52840_xxaa/nrf_ringbuf.c.o
LOAD _build/nrf52840_xxaa/nrf_section_iter.c.o
LOAD _build/nrf52840_xxaa/nrf_sortlist.c.o
LOAD _build/nrf52840_xxaa/nrf_strerror.c.o
LOAD _build/nrf52840_xxaa/system_nrf52840.c.o
LOAD _build/nrf52840_xxaa/boards.c.o
LOAD _build/nrf52840_xxaa/nrf_drv_clock.c.o
LOAD _build/nrf52840_xxaa/nrf_drv_uart.c.o
LOAD _build/nrf52840_xxaa/nrfx_atomic.c.o
LOAD _build/nrf52840_xxaa/nrfx_clock.c.o
LOAD _build/nrf52840_xxaa/nrfx_gpiote.c.o
LOAD _build/nrf52840_xxaa/nrfx_prs.c.o
LOAD _build/nrf52840_xxaa/nrfx_uart.c.o
LOAD _build/nrf52840_xxaa/nrfx_uarte.c.o
LOAD _build/nrf52840_xxaa/main.c.o
LOAD _build/nrf52840_xxaa/SEGGER_RTT.c.o
LOAD _build/nrf52840_xxaa/SEGGER_RTT_Syscalls_GCC.c.o
LOAD _build/nrf52840_xxaa/SEGGER_RTT_printf.c.o
LOAD _build/nrf52840_xxaa/ble_advdata.c.o
LOAD _build/nrf52840_xxaa/ble_conn_params.c.o
LOAD _build/nrf52840_xxaa/ble_conn_state.c.o
LOAD _build/nrf52840_xxaa/ble_srv_common.c.o
LOAD _build/nrf52840_xxaa/nrf_ble_gatt.c.o
LOAD _build/nrf52840_xxaa/nrf_ble_qwr.c.o
LOAD _build/nrf52840_xxaa/utf.c.o
LOAD _build/nrf52840_xxaa/ble_lbs.c.o
LOAD _build/nrf52840_xxaa/nrf_sdh.c.o
LOAD _build/nrf52840_xxaa/nrf_sdh_ble.c.o
LOAD _build/nrf52840_xxaa/nrf_sdh_soc.c.o
LOAD /home/chandran/arm-gcc-toolchain/bin/../lib/gcc/arm-none-eabi/7.3.1/../../../../arm-none-eabi/lib/thumb/v7e-m/fpv4-sp/hard/libc_nano.a
LOAD /home/chandran/arm-gcc-toolchain/bin/../lib/gcc/arm-none-eabi/7.3.1/../../../../arm-none-eabi/lib/thumb/v7e-m/fpv4-sp/hard/libnosys.a
LOAD /home/chandran/arm-gcc-toolchain/bin/../lib/gcc/arm-none-eabi/7.3.1/../../../../arm-none-eabi/lib/thumb/v7e-m/fpv4-sp/hard/libm.a
START GROUP
LOAD /home/chandran/arm-gcc-toolchain/bin/../lib/gcc/arm-none-eabi/7.3.1/thumb/v7e-m/fpv4-sp/hard/libgcc.a
LOAD /home/chandran/arm-gcc-toolchain/bin/../lib/gcc/arm-none-eabi/7.3.1/../../../../arm-none-eabi/lib/thumb/v7e-m/fpv4-sp/hard/libg_nano.a
LOAD /home/chandran/arm-gcc-toolchain/bin/../lib/gcc/arm-none-eabi/7.3.1/../../../../arm-none-eabi/lib/thumb/v7e-m/fpv4-sp/hard/libc_nano.a
END GROUP
START GROUP
LOAD /home/chandran/arm-gcc-toolchain/bin/../lib/gcc/arm-none-eabi/7.3.1/thumb/v7e-m/fpv4-sp/hard/libgcc.a
LOAD /home/chandran/arm-gcc-toolchain/bin/../lib/gcc/arm-none-eabi/7.3.1/../../../../arm-none-eabi/lib/thumb/v7e-m/fpv4-sp/hard/libc_nano.a
END GROUP
LOAD /home/chandran/arm-gcc-toolchain/bin/../lib/gcc/arm-none-eabi/7.3.1/thumb/v7e-m/fpv4-sp/hard/crtend.o
LOAD /home/chandran/arm-gcc-toolchain/bin/../lib/gcc/arm-none-eabi/7.3.1/thumb/v7e-m/fpv4-sp/hard/crtn.o
START GROUP
LOAD /home/chandran/arm-gcc-toolchain/bin/../lib/gcc/arm-none-eabi/7.3.1/thumb/v7e-m/fpv4-sp/hard/libgcc.a
LOAD /home/chandran/arm-gcc-toolchain/bin/../lib/gcc/arm-none-eabi/7.3.1/../../../../arm-none-eabi/lib/thumb/v7e-m/fpv4-sp/hard/libc.a
LOAD /home/chandran/arm-gcc-toolchain/bin/../lib/gcc/arm-none-eabi/7.3.1/../../../../arm-none-eabi/lib/thumb/v7e-m/fpv4-sp/hard/libnosys.a
END GROUP

.igot.plt       0x0000000020002508        0x0 load address 0x000000000002bacc
 .igot.plt      0x0000000020002508        0x0 /home/chandran/arm-gcc-toolchain/bin/../lib/gcc/arm-none-eabi/7.3.1/thumb/v7e-m/fpv4-sp/hard/crtbegin.o
                0x0000000020002508                . = ALIGN (0x4)

.mem_section_dummy_ram

.cli_sorted_cmd_ptrs
                0x0000000020002508        0x0
                [!provide]                        PROVIDE (__start_cli_sorted_cmd_ptrs = .)
 *(.cli_sorted_cmd_ptrs)
                [!provide]                        PROVIDE (__stop_cli_sorted_cmd_ptrs = .)

.fs_data        0x0000000020002508        0x0
                [!provide]                        PROVIDE (__start_fs_data = .)
 *(.fs_data)
                [!provide]                        PROVIDE (__stop_fs_data = .)

.log_dynamic_data
                0x0000000020002508        0x0
                0x0000000020002508                PROVIDE (__start_log_dynamic_data = .)
 *(SORT_BY_NAME(.log_dynamic_data*))
                [!provide]                        PROVIDE (__stop_log_dynamic_data = .)

.log_filter_data
                0x0000000020002508        0x0
                [!provide]                        PROVIDE (__start_log_filter_data = .)
 *(SORT_BY_NAME(.log_filter_data*))
                [!provide]                        PROVIDE (__stop_log_filter_data = .)

.bss            0x0000000020002508      0x7f8 load address 0x000000000002bad0
                0x0000000020002508                . = ALIGN (0x4)
                0x0000000020002508                __bss_start__ = .
 *(.bss*)
 .bss           0x0000000020002508       0x1c /home/chandran/arm-gcc-toolchain/bin/../lib/gcc/arm-none-eabi/7.3.1/thumb/v7e-m/fpv4-sp/hard/crtbegin.o
 .bss.m_async_mode
                0x0000000020002524        0x1 _build/nrf52840_xxaa/nrf_log_backend_uart.c.o
 *fill*         0x0000000020002525        0x3 
 .bss.m_string_buff
                0x0000000020002528       0x40 _build/nrf52840_xxaa/nrf_log_backend_uart.c.o
 .bss.m_xfer_done
                0x0000000020002568        0x1 _build/nrf52840_xxaa/nrf_log_backend_uart.c.o
 *fill*         0x0000000020002569        0x3 
 .bss.log_mempool_nrf_balloc_cb
                0x000000002000256c        0x8 _build/nrf52840_xxaa/nrf_log_frontend.c.o
 .bss.log_mempool_nrf_balloc_pool_mem
                0x0000000020002574       0xc0 _build/nrf52840_xxaa/nrf_log_frontend.c.o
 .bss.log_mempool_nrf_balloc_pool_stack
                0x0000000020002634        0x8 _build/nrf52840_xxaa/nrf_log_frontend.c.o
 .bss.m_log_data
                0x000000002000263c      0x420 _build/nrf52840_xxaa/nrf_log_frontend.c.o
 .bss.m_button_count
                0x0000000020002a5c        0x1 _build/nrf52840_xxaa/app_button.c.o
 *fill*         0x0000000020002a5d        0x3 
 .bss.m_detection_delay
                0x0000000020002a60        0x4 _build/nrf52840_xxaa/app_button.c.o
 *fill*         0x0000000020002a64        0x4 
 .bss.m_detection_delay_timer_id_data
                0x0000000020002a68       0x20 _build/nrf52840_xxaa/app_button.c.o
 .bss.m_pin_active
                0x0000000020002a88        0x8 _build/nrf52840_xxaa/app_button.c.o
 .bss.m_pin_states
                0x0000000020002a90       0x20 _build/nrf52840_xxaa/app_button.c.o
 .bss.mp_buttons
                0x0000000020002ab0        0x4 _build/nrf52840_xxaa/app_button.c.o
 .bss.m_app_timer_sortlist_sortlist_cb
                0x0000000020002ab4        0x4 _build/nrf52840_xxaa/app_timer2.c.o
 .bss.m_base_counter
                0x0000000020002ab8        0x8 _build/nrf52840_xxaa/app_timer2.c.o
 .bss.m_global_active
                0x0000000020002ac0        0x1 _build/nrf52840_xxaa/app_timer2.c.o
 *fill*         0x0000000020002ac1        0x3 
 .bss.m_req_fifo_data
                0x0000000020002ac4       0x58 _build/nrf52840_xxaa/app_timer2.c.o
 .bss.m_req_fifo_inst
                0x0000000020002b1c       0x10 _build/nrf52840_xxaa/app_timer2.c.o
 *fill*         0x0000000020002b2c        0x4 
 .bss.m_stamp64
                0x0000000020002b30        0x8 _build/nrf52840_xxaa/app_timer2.c.o
 .bss.mp_active_timer
                0x0000000020002b38        0x4 _build/nrf52840_xxaa/app_timer2.c.o
 .bss.m_cb      0x0000000020002b3c        0x8 _build/nrf52840_xxaa/drv_rtc.c.o
 .bss.m_handlers
                0x0000000020002b44        0x4 _build/nrf52840_xxaa/drv_rtc.c.o
 .bss.m_clock_cb
                0x0000000020002b48       0x14 _build/nrf52840_xxaa/nrf_drv_clock.c.o
 .bss.m_contexts
                0x0000000020002b5c        0x8 _build/nrf52840_xxaa/nrf_drv_uart.c.o
 .bss.m_handlers
                0x0000000020002b64        0x8 _build/nrf52840_xxaa/nrf_drv_uart.c.o
 .bss.m_clock_cb
                0x0000000020002b6c        0x8 _build/nrf52840_xxaa/nrfx_clock.c.o
 .bss.m_cb      0x0000000020002b74       0x6c _build/nrf52840_xxaa/nrfx_gpiote.c.o
 .bss.m_prs_box_4
                0x0000000020002be0        0x8 _build/nrf52840_xxaa/nrfx_prs.c.o
 .bss.m_cb      0x0000000020002be8       0x2c _build/nrf52840_xxaa/nrfx_uart.c.o
 .bss.m_cb      0x0000000020002c14       0x24 _build/nrf52840_xxaa/nrfx_uarte.c.o
 .bss.m_conn_params_config
                0x0000000020002c38       0x1c _build/nrf52840_xxaa/ble_conn_params.c.o
 .bss.m_conn_params_instances
                0x0000000020002c54       0x14 _build/nrf52840_xxaa/ble_conn_params.c.o
 .bss.m_preferred_conn_params
                0x0000000020002c68        0x8 _build/nrf52840_xxaa/ble_conn_params.c.o
 .bss.m_bcs     0x0000000020002c70       0x7c _build/nrf52840_xxaa/ble_conn_state.c.o
 .bss.m_nrf_sdh_continue
                0x0000000020002cec        0x1 _build/nrf52840_xxaa/nrf_sdh.c.o
 .bss.m_nrf_sdh_enabled
                0x0000000020002ced        0x1 _build/nrf52840_xxaa/nrf_sdh.c.o
 .bss.m_nrf_sdh_suspended
                0x0000000020002cee        0x1 _build/nrf52840_xxaa/nrf_sdh.c.o
 .bss.m_stack_is_enabled
                0x0000000020002cef        0x1 _build/nrf52840_xxaa/nrf_sdh_ble.c.o
 *(COMMON)
 COMMON         0x0000000020002cf0        0xc _build/nrf52840_xxaa/app_util_platform.c.o
                0x0000000020002cf0                nrf_nvic_state
 COMMON         0x0000000020002cfc        0x2 _build/nrf52840_xxaa/nrf_drv_uart.c.o
                0x0000000020002cfc                nrf_drv_uart_use_easy_dma
                0x0000000020002d00                . = ALIGN (0x4)
 *fill*         0x0000000020002cfe        0x2 
                0x0000000020002d00                __bss_end__ = .

.heap           0x0000000020002d00     0x2000
                0x0000000020002d00                __HeapBase = .
                0x0000000020002d00                __end__ = .
                [!provide]                        PROVIDE (end = .)
 *(.heap*)
 .heap          0x0000000020002d00     0x2000 _build/nrf52840_xxaa/gcc_startup_nrf52840.S.o
                0x0000000020004d00                __HeapLimit = .

.stack_dummy    0x0000000020002d00     0x2000
 *(.stack*)
 .stack         0x0000000020002d00     0x2000 _build/nrf52840_xxaa/gcc_startup_nrf52840.S.o
                0x0000000020040000                __StackTop = (ORIGIN (RAM) + LENGTH (RAM))
                0x000000002003e000                __StackLimit = (__StackTop - SIZEOF (.stack_dummy))
                0x0000000020040000                PROVIDE (__stack = __StackTop)
                0x0000000000000001                ASSERT ((__StackLimit >= __HeapLimit), region RAM overflowed with stack)
                0x0000000000000208                DataInitFlashUsed = (__bss_start__ - __data_start__)
                0x00000000000048c4                CodeFlashUsed = (__etext - ORIGIN (FLASH))
                0x0000000000004acc                TotalFlashUsed = (CodeFlashUsed + DataInitFlashUsed)
                0x0000000000000001                ASSERT ((TotalFlashUsed <= LENGTH (FLASH)), region FLASH overflowed with .data and user data)
OUTPUT(_build/nrf52840_xxaa.out elf32-littlearm)

.ARM.attributes
                0x0000000000000000       0x30
 .ARM.attributes
                0x0000000000000000       0x22 /home/chandran/arm-gcc-toolchain/bin/../lib/gcc/arm-none-eabi/7.3.1/thumb/v7e-m/fpv4-sp/hard/crti.o
 .ARM.attributes
                0x0000000000000022       0x34 /home/chandran/arm-gcc-toolchain/bin/../lib/gcc/arm-none-eabi/7.3.1/thumb/v7e-m/fpv4-sp/hard/crtbegin.o
 .ARM.attributes
                0x0000000000000056       0x20 /home/chandran/arm-gcc-toolchain/bin/../lib/gcc/arm-none-eabi/7.3.1/../../../../arm-none-eabi/lib/thumb/v7e-m/fpv4-sp/hard/crt0.o
 .ARM.attributes
                0x0000000000000076       0x20 _build/nrf52840_xxaa/gcc_startup_nrf52840.S.o
 .ARM.attributes
                0x0000000000000096       0x39 _build/nrf52840_xxaa/nrf_log_backend_serial.c.o
 .ARM.attributes
                0x00000000000000cf       0x39 _build/nrf52840_xxaa/nrf_log_backend_uart.c.o
 .ARM.attributes
                0x0000000000000108       0x39 _build/nrf52840_xxaa/nrf_log_default_backends.c.o
 .ARM.attributes
                0x0000000000000141       0x39 _build/nrf52840_xxaa/nrf_log_frontend.c.o
 .ARM.attributes
                0x000000000000017a       0x39 _build/nrf52840_xxaa/nrf_log_str_formatter.c.o
 .ARM.attributes
                0x00000000000001b3       0x39 _build/nrf52840_xxaa/app_button.c.o
 .ARM.attributes
                0x00000000000001ec       0x39 _build/nrf52840_xxaa/app_error.c.o
 .ARM.attributes
                0x0000000000000225       0x39 _build/nrf52840_xxaa/app_error_weak.c.o
 .ARM.attributes
                0x000000000000025e       0x39 _build/nrf52840_xxaa/app_timer2.c.o
 .ARM.attributes
                0x0000000000000297       0x39 _build/nrf52840_xxaa/app_util_platform.c.o
 .ARM.attributes
                0x00000000000002d0       0x39 _build/nrf52840_xxaa/drv_rtc.c.o
 .ARM.attributes
                0x0000000000000309       0x39 _build/nrf52840_xxaa/nrf_atfifo.c.o
 .ARM.attributes
                0x0000000000000342       0x39 _build/nrf52840_xxaa/nrf_atflags.c.o
 .ARM.attributes
                0x000000000000037b       0x39 _build/nrf52840_xxaa/nrf_atomic.c.o
 .ARM.attributes
                0x00000000000003b4       0x39 _build/nrf52840_xxaa/nrf_balloc.c.o
 .ARM.attributes
                0x00000000000003ed       0x39 _build/nrf52840_xxaa/nrf_fprintf.c.o
 .ARM.attributes
                0x0000000000000426       0x39 _build/nrf52840_xxaa/nrf_fprintf_format.c.o
 .ARM.attributes
                0x000000000000045f       0x39 _build/nrf52840_xxaa/nrf_memobj.c.o
 .ARM.attributes
                0x0000000000000498       0x39 _build/nrf52840_xxaa/nrf_pwr_mgmt.c.o
 .ARM.attributes
                0x00000000000004d1       0x39 _build/nrf52840_xxaa/nrf_section_iter.c.o
 .ARM.attributes
                0x000000000000050a       0x39 _build/nrf52840_xxaa/nrf_sortlist.c.o
 .ARM.attributes
                0x0000000000000543       0x39 _build/nrf52840_xxaa/system_nrf52840.c.o
 .ARM.attributes
                0x000000000000057c       0x39 _build/nrf52840_xxaa/boards.c.o
 .ARM.attributes
                0x00000000000005b5       0x39 _build/nrf52840_xxaa/nrf_drv_clock.c.o
 .ARM.attributes
                0x00000000000005ee       0x39 _build/nrf52840_xxaa/nrf_drv_uart.c.o
 .ARM.attributes
                0x0000000000000627       0x39 _build/nrf52840_xxaa/nrfx_clock.c.o
 .ARM.attributes
                0x0000000000000660       0x39 _build/nrf52840_xxaa/nrfx_gpiote.c.o
 .ARM.attributes
                0x0000000000000699       0x39 _build/nrf52840_xxaa/nrfx_prs.c.o
 .ARM.attributes
                0x00000000000006d2       0x39 _build/nrf52840_xxaa/nrfx_uart.c.o
 .ARM.attributes
                0x000000000000070b       0x39 _build/nrf52840_xxaa/nrfx_uarte.c.o
 .ARM.attributes
                0x0000000000000744       0x39 _build/nrf52840_xxaa/main.c.o
 .ARM.attributes
                0x000000000000077d       0x39 _build/nrf52840_xxaa/ble_conn_params.c.o
 .ARM.attributes
                0x00000000000007b6       0x39 _build/nrf52840_xxaa/ble_conn_state.c.o
 .ARM.attributes
                0x00000000000007ef       0x39 _build/nrf52840_xxaa/ble_srv_common.c.o
 .ARM.attributes
                0x0000000000000828       0x39 _build/nrf52840_xxaa/nrf_ble_gatt.c.o
 .ARM.attributes
                0x0000000000000861       0x39 _build/nrf52840_xxaa/nrf_sdh.c.o
 .ARM.attributes
                0x000000000000089a       0x39 _build/nrf52840_xxaa/nrf_sdh_ble.c.o
 .ARM.attributes
                0x00000000000008d3       0x39 _build/nrf52840_xxaa/nrf_sdh_soc.c.o
 .ARM.attributes
                0x000000000000090c       0x34 /home/chandran/arm-gcc-toolchain/bin/../lib/gcc/arm-none-eabi/7.3.1/../../../../arm-none-eabi/lib/thumb/v7e-m/fpv4-sp/hard/libc_nano.a(lib_a-exit.o)
 .ARM.attributes
                0x0000000000000940       0x34 /home/chandran/arm-gcc-toolchain/bin/../lib/gcc/arm-none-eabi/7.3.1/../../../../arm-none-eabi/lib/thumb/v7e-m/fpv4-sp/hard/libc_nano.a(lib_a-impure.o)
 .ARM.attributes
                0x0000000000000974       0x34 /home/chandran/arm-gcc-toolchain/bin/../lib/gcc/arm-none-eabi/7.3.1/../../../../arm-none-eabi/lib/thumb/v7e-m/fpv4-sp/hard/libc_nano.a(lib_a-init.o)
 .ARM.attributes
                0x00000000000009a8       0x34 /home/chandran/arm-gcc-toolchain/bin/../lib/gcc/arm-none-eabi/7.3.1/../../../../arm-none-eabi/lib/thumb/v7e-m/fpv4-sp/hard/libc_nano.a(lib_a-locale.o)
 .ARM.attributes
                0x00000000000009dc       0x34 /home/chandran/arm-gcc-toolchain/bin/../lib/gcc/arm-none-eabi/7.3.1/../../../../arm-none-eabi/lib/thumb/v7e-m/fpv4-sp/hard/libc_nano.a(lib_a-mbtowc_r.o)
 .ARM.attributes
                0x0000000000000a10       0x34 /home/chandran/arm-gcc-toolchain/bin/../lib/gcc/arm-none-eabi/7.3.1/../../../../arm-none-eabi/lib/thumb/v7e-m/fpv4-sp/hard/libc_nano.a(lib_a-memcpy-stub.o)
 .ARM.attributes
                0x0000000000000a44       0x34 /home/chandran/arm-gcc-toolchain/bin/../lib/gcc/arm-none-eabi/7.3.1/../../../../arm-none-eabi/lib/thumb/v7e-m/fpv4-sp/hard/libc_nano.a(lib_a-memset.o)
 .ARM.attributes
                0x0000000000000a78       0x1b /home/chandran/arm-gcc-toolchain/bin/../lib/gcc/arm-none-eabi/7.3.1/../../../../arm-none-eabi/lib/thumb/v7e-m/fpv4-sp/hard/libc_nano.a(lib_a-strlen.o)
 .ARM.attributes
                0x0000000000000a93       0x34 /home/chandran/arm-gcc-toolchain/bin/../lib/gcc/arm-none-eabi/7.3.1/../../../../arm-none-eabi/lib/thumb/v7e-m/fpv4-sp/hard/libc_nano.a(lib_a-wctomb_r.o)
 .ARM.attributes
                0x0000000000000ac7       0x34 /home/chandran/arm-gcc-toolchain/bin/../lib/gcc/arm-none-eabi/7.3.1/../../../../arm-none-eabi/lib/thumb/v7e-m/fpv4-sp/hard/libc_nano.a(lib_a-ctype_.o)
 .ARM.attributes
                0x0000000000000afb       0x34 /home/chandran/arm-gcc-toolchain/bin/../lib/gcc/arm-none-eabi/7.3.1/../../../../arm-none-eabi/lib/thumb/v7e-m/fpv4-sp/hard/libnosys.a(_exit.o)
 .ARM.attributes
                0x0000000000000b2f       0x34 /home/chandran/arm-gcc-toolchain/bin/../lib/gcc/arm-none-eabi/7.3.1/thumb/v7e-m/fpv4-sp/hard/crtend.o
 .ARM.attributes
                0x0000000000000b63       0x22 /home/chandran/arm-gcc-toolchain/bin/../lib/gcc/arm-none-eabi/7.3.1/thumb/v7e-m/fpv4-sp/hard/crtn.o

.comment        0x0000000000000000       0x7f
 .comment       0x0000000000000000       0x7f _build/nrf52840_xxaa/nrf_log_backend_serial.c.o
                                         0x80 (size before relaxing)
 .comment       0x000000000000007f       0x80 _build/nrf52840_xxaa/nrf_log_backend_uart.c.o
 .comment       0x000000000000007f       0x80 _build/nrf52840_xxaa/nrf_log_default_backends.c.o
 .comment       0x000000000000007f       0x80 _build/nrf52840_xxaa/nrf_log_frontend.c.o
 .comment       0x000000000000007f       0x80 _build/nrf52840_xxaa/nrf_log_str_formatter.c.o
 .comment       0x000000000000007f       0x80 _build/nrf52840_xxaa/app_button.c.o
 .comment       0x000000000000007f       0x80 _build/nrf52840_xxaa/app_error.c.o
 .comment       0x000000000000007f       0x80 _build/nrf52840_xxaa/app_error_weak.c.o
 .comment       0x000000000000007f       0x80 _build/nrf52840_xxaa/app_timer2.c.o
 .comment       0x000000000000007f       0x80 _build/nrf52840_xxaa/app_util_platform.c.o
 .comment       0x000000000000007f       0x80 _build/nrf52840_xxaa/drv_rtc.c.o
 .comment       0x000000000000007f       0x80 _build/nrf52840_xxaa/nrf_atfifo.c.o
 .comment       0x000000000000007f       0x80 _build/nrf52840_xxaa/nrf_atflags.c.o
 .comment       0x000000000000007f       0x80 _build/nrf52840_xxaa/nrf_atomic.c.o
 .comment       0x000000000000007f       0x80 _build/nrf52840_xxaa/nrf_balloc.c.o
 .comment       0x000000000000007f       0x80 _build/nrf52840_xxaa/nrf_fprintf.c.o
 .comment       0x000000000000007f       0x80 _build/nrf52840_xxaa/nrf_fprintf_format.c.o
 .comment       0x000000000000007f       0x80 _build/nrf52840_xxaa/nrf_memobj.c.o
 .comment       0x000000000000007f       0x80 _build/nrf52840_xxaa/nrf_pwr_mgmt.c.o
 .comment       0x000000000000007f       0x80 _build/nrf52840_xxaa/nrf_section_iter.c.o
 .comment       0x000000000000007f       0x80 _build/nrf52840_xxaa/nrf_sortlist.c.o
 .comment       0x000000000000007f       0x80 _build/nrf52840_xxaa/system_nrf52840.c.o
 .comment       0x000000000000007f       0x80 _build/nrf52840_xxaa/boards.c.o
 .comment       0x000000000000007f       0x80 _build/nrf52840_xxaa/nrf_drv_clock.c.o
 .comment       0x000000000000007f       0x80 _build/nrf52840_xxaa/nrf_drv_uart.c.o
 .comment       0x000000000000007f       0x80 _build/nrf52840_xxaa/nrfx_clock.c.o
 .comment       0x000000000000007f       0x80 _build/nrf52840_xxaa/nrfx_gpiote.c.o
 .comment       0x000000000000007f       0x80 _build/nrf52840_xxaa/nrfx_prs.c.o
 .comment       0x000000000000007f       0x80 _build/nrf52840_xxaa/nrfx_uart.c.o
 .comment       0x000000000000007f       0x80 _build/nrf52840_xxaa/nrfx_uarte.c.o
 .comment       0x000000000000007f       0x80 _build/nrf52840_xxaa/main.c.o
 .comment       0x000000000000007f       0x80 _build/nrf52840_xxaa/ble_conn_params.c.o
 .comment       0x000000000000007f       0x80 _build/nrf52840_xxaa/ble_conn_state.c.o
 .comment       0x000000000000007f       0x80 _build/nrf52840_xxaa/ble_srv_common.c.o
 .comment       0x000000000000007f       0x80 _build/nrf52840_xxaa/nrf_ble_gatt.c.o
 .comment       0x000000000000007f       0x80 _build/nrf52840_xxaa/nrf_sdh.c.o
 .comment       0x000000000000007f       0x80 _build/nrf52840_xxaa/nrf_sdh_ble.c.o
 .comment       0x000000000000007f       0x80 _build/nrf52840_xxaa/nrf_sdh_soc.c.o

.debug_line     0x0000000000000000    0x15d16
 .debug_line    0x0000000000000000       0x86 _build/nrf52840_xxaa/gcc_startup_nrf52840.S.o
 .debug_line    0x0000000000000086      0x7eb _build/nrf52840_xxaa/nrf_log_backend_serial.c.o
 .debug_line    0x0000000000000871      0xa61 _build/nrf52840_xxaa/nrf_log_backend_uart.c.o
 .debug_line    0x00000000000012d2      0x76c _build/nrf52840_xxaa/nrf_log_default_backends.c.o
 .debug_line    0x0000000000001a3e      0xe6e _build/nrf52840_xxaa/nrf_log_frontend.c.o
 .debug_line    0x00000000000028ac      0x85e _build/nrf52840_xxaa/nrf_log_str_formatter.c.o
 .debug_line    0x000000000000310a      0xbc5 _build/nrf52840_xxaa/app_button.c.o
 .debug_line    0x0000000000003ccf      0x48f _build/nrf52840_xxaa/app_error.c.o
 .debug_line    0x000000000000415e      0x7e3 _build/nrf52840_xxaa/app_error_weak.c.o
 .debug_line    0x0000000000004941      0xbd9 _build/nrf52840_xxaa/app_timer2.c.o
 .debug_line    0x000000000000551a      0x5b4 _build/nrf52840_xxaa/app_util_platform.c.o
 .debug_line    0x0000000000005ace      0xd6f _build/nrf52840_xxaa/drv_rtc.c.o
 .debug_line    0x000000000000683d      0x75c _build/nrf52840_xxaa/nrf_atfifo.c.o
 .debug_line    0x0000000000006f99      0x635 _build/nrf52840_xxaa/nrf_atflags.c.o
 .debug_line    0x00000000000075ce      0x68c _build/nrf52840_xxaa/nrf_atomic.c.o
 .debug_line    0x0000000000007c5a      0x73e _build/nrf52840_xxaa/nrf_balloc.c.o
 .debug_line    0x0000000000008398      0x525 _build/nrf52840_xxaa/nrf_fprintf.c.o
 .debug_line    0x00000000000088bd      0x736 _build/nrf52840_xxaa/nrf_fprintf_format.c.o
 .debug_line    0x0000000000008ff3      0x81b _build/nrf52840_xxaa/nrf_memobj.c.o
 .debug_line    0x000000000000980e      0xb63 _build/nrf52840_xxaa/nrf_pwr_mgmt.c.o
 .debug_line    0x000000000000a371      0x52f _build/nrf52840_xxaa/nrf_section_iter.c.o
 .debug_line    0x000000000000a8a0      0x67d _build/nrf52840_xxaa/nrf_sortlist.c.o
 .debug_line    0x000000000000af1d      0x476 _build/nrf52840_xxaa/system_nrf52840.c.o
 .debug_line    0x000000000000b393      0x8cd _build/nrf52840_xxaa/boards.c.o
 .debug_line    0x000000000000bc60      0xc2e _build/nrf52840_xxaa/nrf_drv_clock.c.o
 .debug_line    0x000000000000c88e      0x7ca _build/nrf52840_xxaa/nrf_drv_uart.c.o
 .debug_line    0x000000000000d058      0xb65 _build/nrf52840_xxaa/nrfx_clock.c.o
 .debug_line    0x000000000000dbbd     0x131b _build/nrf52840_xxaa/nrfx_gpiote.c.o
 .debug_line    0x000000000000eed8      0x8ba _build/nrf52840_xxaa/nrfx_prs.c.o
 .debug_line    0x000000000000f792      0xfc4 _build/nrf52840_xxaa/nrfx_uart.c.o
 .debug_line    0x0000000000010756      0xfde _build/nrf52840_xxaa/nrfx_uarte.c.o
 .debug_line    0x0000000000011734      0x8e6 _build/nrf52840_xxaa/main.c.o
 .debug_line    0x000000000001201a      0x9ca _build/nrf52840_xxaa/ble_conn_params.c.o
 .debug_line    0x00000000000129e4      0xad6 _build/nrf52840_xxaa/ble_conn_state.c.o
 .debug_line    0x00000000000134ba      0x720 _build/nrf52840_xxaa/ble_srv_common.c.o
 .debug_line    0x0000000000013bda      0x873 _build/nrf52840_xxaa/nrf_ble_gatt.c.o
 .debug_line    0x000000000001444d      0x952 _build/nrf52840_xxaa/nrf_sdh.c.o
 .debug_line    0x0000000000014d9f      0x87f _build/nrf52840_xxaa/nrf_sdh_ble.c.o
 .debug_line    0x000000000001561e      0x6f8 _build/nrf52840_xxaa/nrf_sdh_soc.c.o

.debug_info     0x0000000000000000    0x41be5
 .debug_info    0x0000000000000000       0x26 _build/nrf52840_xxaa/gcc_startup_nrf52840.S.o
 .debug_info    0x0000000000000026     0x1125 _build/nrf52840_xxaa/nrf_log_backend_serial.c.o
 .debug_info    0x000000000000114b     0x1aeb _build/nrf52840_xxaa/nrf_log_backend_uart.c.o
 .debug_info    0x0000000000002c36      0xccc _build/nrf52840_xxaa/nrf_log_default_backends.c.o
 .debug_info    0x0000000000003902     0x390b _build/nrf52840_xxaa/nrf_log_frontend.c.o
 .debug_info    0x000000000000720d     0x1380 _build/nrf52840_xxaa/nrf_log_str_formatter.c.o
 .debug_info    0x000000000000858d     0x1a8f _build/nrf52840_xxaa/app_button.c.o
 .debug_info    0x000000000000a01c      0xad5 _build/nrf52840_xxaa/app_error.c.o
 .debug_info    0x000000000000aaf1      0xf00 _build/nrf52840_xxaa/app_error_weak.c.o
 .debug_info    0x000000000000b9f1     0x1fc1 _build/nrf52840_xxaa/app_timer2.c.o
 .debug_info    0x000000000000d9b2     0x11c9 _build/nrf52840_xxaa/app_util_platform.c.o
 .debug_info    0x000000000000eb7b     0x25cd _build/nrf52840_xxaa/drv_rtc.c.o
 .debug_info    0x0000000000011148     0x139d _build/nrf52840_xxaa/nrf_atfifo.c.o
 .debug_info    0x00000000000124e5      0xe8e _build/nrf52840_xxaa/nrf_atflags.c.o
 .debug_info    0x0000000000013373     0x122a _build/nrf52840_xxaa/nrf_atomic.c.o
 .debug_info    0x000000000001459d      0xd8d _build/nrf52840_xxaa/nrf_balloc.c.o
 .debug_info    0x000000000001532a      0xaa8 _build/nrf52840_xxaa/nrf_fprintf.c.o
 .debug_info    0x0000000000015dd2     0x1338 _build/nrf52840_xxaa/nrf_fprintf_format.c.o
 .debug_info    0x000000000001710a     0x136c _build/nrf52840_xxaa/nrf_memobj.c.o
 .debug_info    0x0000000000018476     0x1c62 _build/nrf52840_xxaa/nrf_pwr_mgmt.c.o
 .debug_info    0x000000000001a0d8      0xa21 _build/nrf52840_xxaa/nrf_section_iter.c.o
 .debug_info    0x000000000001aaf9      0xc7e _build/nrf52840_xxaa/nrf_sortlist.c.o
 .debug_info    0x000000000001b777     0x1504 _build/nrf52840_xxaa/system_nrf52840.c.o
 .debug_info    0x000000000001cc7b     0x1d91 _build/nrf52840_xxaa/boards.c.o
 .debug_info    0x000000000001ea0c     0x20b7 _build/nrf52840_xxaa/nrf_drv_clock.c.o
 .debug_info    0x0000000000020ac3     0x197a _build/nrf52840_xxaa/nrf_drv_uart.c.o
 .debug_info    0x000000000002243d     0x1bf7 _build/nrf52840_xxaa/nrfx_clock.c.o
 .debug_info    0x0000000000024034     0x3e79 _build/nrf52840_xxaa/nrfx_gpiote.c.o
 .debug_info    0x0000000000027ead     0x10d0 _build/nrf52840_xxaa/nrfx_prs.c.o
 .debug_info    0x0000000000028f7d     0x3a13 _build/nrf52840_xxaa/nrfx_uart.c.o
 .debug_info    0x000000000002c990     0x3979 _build/nrf52840_xxaa/nrfx_uarte.c.o
 .debug_info    0x0000000000030309      0xcbb _build/nrf52840_xxaa/main.c.o
 .debug_info    0x0000000000030fc4     0x3245 _build/nrf52840_xxaa/ble_conn_params.c.o
 .debug_info    0x0000000000034209     0x3501 _build/nrf52840_xxaa/ble_conn_state.c.o
 .debug_info    0x000000000003770a     0x1523 _build/nrf52840_xxaa/ble_srv_common.c.o
 .debug_info    0x0000000000038c2d     0x3091 _build/nrf52840_xxaa/nrf_ble_gatt.c.o
 .debug_info    0x000000000003bcbe     0x1e0d _build/nrf52840_xxaa/nrf_sdh.c.o
 .debug_info    0x000000000003dacb     0x327a _build/nrf52840_xxaa/nrf_sdh_ble.c.o
 .debug_info    0x0000000000040d45      0xea0 _build/nrf52840_xxaa/nrf_sdh_soc.c.o

.debug_abbrev   0x0000000000000000     0x8af7
 .debug_abbrev  0x0000000000000000       0x14 _build/nrf52840_xxaa/gcc_startup_nrf52840.S.o
 .debug_abbrev  0x0000000000000014      0x27f _build/nrf52840_xxaa/nrf_log_backend_serial.c.o
 .debug_abbrev  0x0000000000000293      0x3ca _build/nrf52840_xxaa/nrf_log_backend_uart.c.o
 .debug_abbrev  0x000000000000065d      0x256 _build/nrf52840_xxaa/nrf_log_default_backends.c.o
 .debug_abbrev  0x00000000000008b3      0x5a7 _build/nrf52840_xxaa/nrf_log_frontend.c.o
 .debug_abbrev  0x0000000000000e5a      0x2ba _build/nrf52840_xxaa/nrf_log_str_formatter.c.o
 .debug_abbrev  0x0000000000001114      0x3f1 _build/nrf52840_xxaa/app_button.c.o
 .debug_abbrev  0x0000000000001505      0x235 _build/nrf52840_xxaa/app_error.c.o
 .debug_abbrev  0x000000000000173a      0x2aa _build/nrf52840_xxaa/app_error_weak.c.o
 .debug_abbrev  0x00000000000019e4      0x4e7 _build/nrf52840_xxaa/app_timer2.c.o
 .debug_abbrev  0x0000000000001ecb      0x378 _build/nrf52840_xxaa/app_util_platform.c.o
 .debug_abbrev  0x0000000000002243      0x51b _build/nrf52840_xxaa/drv_rtc.c.o
 .debug_abbrev  0x000000000000275e      0x33b _build/nrf52840_xxaa/nrf_atfifo.c.o
 .debug_abbrev  0x0000000000002a99      0x32c _build/nrf52840_xxaa/nrf_atflags.c.o
 .debug_abbrev  0x0000000000002dc5      0x31f _build/nrf52840_xxaa/nrf_atomic.c.o
 .debug_abbrev  0x00000000000030e4      0x302 _build/nrf52840_xxaa/nrf_balloc.c.o
 .debug_abbrev  0x00000000000033e6      0x239 _build/nrf52840_xxaa/nrf_fprintf.c.o
 .debug_abbrev  0x000000000000361f      0x37f _build/nrf52840_xxaa/nrf_fprintf_format.c.o
 .debug_abbrev  0x000000000000399e      0x350 _build/nrf52840_xxaa/nrf_memobj.c.o
 .debug_abbrev  0x0000000000003cee      0x46e _build/nrf52840_xxaa/nrf_pwr_mgmt.c.o
 .debug_abbrev  0x000000000000415c      0x1da _build/nrf52840_xxaa/nrf_section_iter.c.o
 .debug_abbrev  0x0000000000004336      0x263 _build/nrf52840_xxaa/nrf_sortlist.c.o
 .debug_abbrev  0x0000000000004599      0x227 _build/nrf52840_xxaa/system_nrf52840.c.o
 .debug_abbrev  0x00000000000047c0      0x428 _build/nrf52840_xxaa/boards.c.o
 .debug_abbrev  0x0000000000004be8      0x56c _build/nrf52840_xxaa/nrf_drv_clock.c.o
 .debug_abbrev  0x0000000000005154      0x298 _build/nrf52840_xxaa/nrf_drv_uart.c.o
 .debug_abbrev  0x00000000000053ec      0x4d2 _build/nrf52840_xxaa/nrfx_clock.c.o
 .debug_abbrev  0x00000000000058be      0x508 _build/nrf52840_xxaa/nrfx_gpiote.c.o
 .debug_abbrev  0x0000000000005dc6      0x30c _build/nrf52840_xxaa/nrfx_prs.c.o
 .debug_abbrev  0x00000000000060d2      0x527 _build/nrf52840_xxaa/nrfx_uart.c.o
 .debug_abbrev  0x00000000000065f9      0x4e0 _build/nrf52840_xxaa/nrfx_uarte.c.o
 .debug_abbrev  0x0000000000006ad9      0x282 _build/nrf52840_xxaa/main.c.o
 .debug_abbrev  0x0000000000006d5b      0x4fb _build/nrf52840_xxaa/ble_conn_params.c.o
 .debug_abbrev  0x0000000000007256      0x4fc _build/nrf52840_xxaa/ble_conn_state.c.o
 .debug_abbrev  0x0000000000007752      0x34f _build/nrf52840_xxaa/ble_srv_common.c.o
 .debug_abbrev  0x0000000000007aa1      0x442 _build/nrf52840_xxaa/nrf_ble_gatt.c.o
 .debug_abbrev  0x0000000000007ee3      0x50e _build/nrf52840_xxaa/nrf_sdh.c.o
 .debug_abbrev  0x00000000000083f1      0x444 _build/nrf52840_xxaa/nrf_sdh_ble.c.o
 .debug_abbrev  0x0000000000008835      0x2c2 _build/nrf52840_xxaa/nrf_sdh_soc.c.o

.debug_aranges  0x0000000000000000      0xd70
 .debug_aranges
                0x0000000000000000       0x20 _build/nrf52840_xxaa/gcc_startup_nrf52840.S.o
 .debug_aranges
                0x0000000000000020       0x20 _build/nrf52840_xxaa/nrf_log_backend_serial.c.o
 .debug_aranges
                0x0000000000000040       0x48 _build/nrf52840_xxaa/nrf_log_backend_uart.c.o
 .debug_aranges
                0x0000000000000088       0x20 _build/nrf52840_xxaa/nrf_log_default_backends.c.o
 .debug_aranges
                0x00000000000000a8       0xc8 _build/nrf52840_xxaa/nrf_log_frontend.c.o
 .debug_aranges
                0x0000000000000170       0x30 _build/nrf52840_xxaa/nrf_log_str_formatter.c.o
 .debug_aranges
                0x00000000000001a0       0x50 _build/nrf52840_xxaa/app_button.c.o
 .debug_aranges
                0x00000000000001f0       0x28 _build/nrf52840_xxaa/app_error.c.o
 .debug_aranges
                0x0000000000000218       0x20 _build/nrf52840_xxaa/app_error_weak.c.o
 .debug_aranges
                0x0000000000000238       0x70 _build/nrf52840_xxaa/app_timer2.c.o
 .debug_aranges
                0x00000000000002a8       0x48 _build/nrf52840_xxaa/app_util_platform.c.o
 .debug_aranges
                0x00000000000002f0       0xb0 _build/nrf52840_xxaa/drv_rtc.c.o
 .debug_aranges
                0x00000000000003a0       0x58 _build/nrf52840_xxaa/nrf_atfifo.c.o
 .debug_aranges
                0x00000000000003f8       0x58 _build/nrf52840_xxaa/nrf_atflags.c.o
 .debug_aranges
                0x0000000000000450       0xb0 _build/nrf52840_xxaa/nrf_atomic.c.o
 .debug_aranges
                0x0000000000000500       0x30 _build/nrf52840_xxaa/nrf_balloc.c.o
 .debug_aranges
                0x0000000000000530       0x28 _build/nrf52840_xxaa/nrf_fprintf.c.o
 .debug_aranges
                0x0000000000000558       0x28 _build/nrf52840_xxaa/nrf_fprintf_format.c.o
 .debug_aranges
                0x0000000000000580       0x50 _build/nrf52840_xxaa/nrf_memobj.c.o
 .debug_aranges
                0x00000000000005d0       0x48 _build/nrf52840_xxaa/nrf_pwr_mgmt.c.o
 .debug_aranges
                0x0000000000000618       0x28 _build/nrf52840_xxaa/nrf_section_iter.c.o
 .debug_aranges
                0x0000000000000640       0x40 _build/nrf52840_xxaa/nrf_sortlist.c.o
 .debug_aranges
                0x0000000000000680       0x28 _build/nrf52840_xxaa/system_nrf52840.c.o
 .debug_aranges
                0x00000000000006a8       0x78 _build/nrf52840_xxaa/boards.c.o
 .debug_aranges
                0x0000000000000720       0xa8 _build/nrf52840_xxaa/nrf_drv_clock.c.o
 .debug_aranges
                0x00000000000007c8       0x30 _build/nrf52840_xxaa/nrf_drv_uart.c.o
 .debug_aranges
                0x00000000000007f8       0x78 _build/nrf52840_xxaa/nrfx_clock.c.o
 .debug_aranges
                0x0000000000000870       0xf8 _build/nrf52840_xxaa/nrfx_gpiote.c.o
 .debug_aranges
                0x0000000000000968       0x30 _build/nrf52840_xxaa/nrfx_prs.c.o
 .debug_aranges
                0x0000000000000998       0x78 _build/nrf52840_xxaa/nrfx_uart.c.o
 .debug_aranges
                0x0000000000000a10       0x68 _build/nrf52840_xxaa/nrfx_uarte.c.o
 .debug_aranges
                0x0000000000000a78       0x28 _build/nrf52840_xxaa/main.c.o
 .debug_aranges
                0x0000000000000aa0       0x60 _build/nrf52840_xxaa/ble_conn_params.c.o
 .debug_aranges
                0x0000000000000b00       0xc8 _build/nrf52840_xxaa/ble_conn_state.c.o
 .debug_aranges
                0x0000000000000bc8       0x58 _build/nrf52840_xxaa/ble_srv_common.c.o
 .debug_aranges
                0x0000000000000c20       0x68 _build/nrf52840_xxaa/nrf_ble_gatt.c.o
 .debug_aranges
                0x0000000000000c88       0x70 _build/nrf52840_xxaa/nrf_sdh.c.o
 .debug_aranges
                0x0000000000000cf8       0x50 _build/nrf52840_xxaa/nrf_sdh_ble.c.o
 .debug_aranges
                0x0000000000000d48       0x28 _build/nrf52840_xxaa/nrf_sdh_soc.c.o

.debug_str      0x0000000000000000    0xad925
 .debug_str     0x0000000000000000       0xc3 _build/nrf52840_xxaa/gcc_startup_nrf52840.S.o
 .debug_str     0x00000000000000c3    0x8cb23 _build/nrf52840_xxaa/nrf_log_backend_serial.c.o
                                      0x8f348 (size before relaxing)
 .debug_str     0x000000000008cbe6     0x86aa _build/nrf52840_xxaa/nrf_log_backend_uart.c.o
                                      0x974df (size before relaxing)
 .debug_str     0x0000000000095290      0x119 _build/nrf52840_xxaa/nrf_log_default_backends.c.o
                                      0x8f0ff (size before relaxing)
 .debug_str     0x00000000000953a9     0x1381 _build/nrf52840_xxaa/nrf_log_frontend.c.o
                                      0x905c4 (size before relaxing)
 .debug_str     0x000000000009672a      0x6a1 _build/nrf52840_xxaa/nrf_log_str_formatter.c.o
                                      0x8f860 (size before relaxing)
 .debug_str     0x0000000000096dcb     0x1aae _build/nrf52840_xxaa/app_button.c.o
                                      0x9727e (size before relaxing)
 .debug_str     0x0000000000098879      0x133 _build/nrf52840_xxaa/app_error.c.o
                                      0x79f81 (size before relaxing)
 .debug_str     0x00000000000989ac      0xa38 _build/nrf52840_xxaa/app_error_weak.c.o
                                      0x90149 (size before relaxing)
 .debug_str     0x00000000000993e4     0x1138 _build/nrf52840_xxaa/app_timer2.c.o
                                      0x96f63 (size before relaxing)
 .debug_str     0x000000000009a51c      0x27b _build/nrf52840_xxaa/app_util_platform.c.o
                                      0x7b3bc (size before relaxing)
 .debug_str     0x000000000009a797      0x781 _build/nrf52840_xxaa/drv_rtc.c.o
                                      0x968e3 (size before relaxing)
 .debug_str     0x000000000009af18      0x159 _build/nrf52840_xxaa/nrf_atfifo.c.o
                                      0x8d094 (size before relaxing)
 .debug_str     0x000000000009b071      0x3c7 _build/nrf52840_xxaa/nrf_atflags.c.o
                                      0x8a480 (size before relaxing)
 .debug_str     0x000000000009b438      0x658 _build/nrf52840_xxaa/nrf_atomic.c.o
                                      0x8a7b5 (size before relaxing)
 .debug_str     0x000000000009ba90      0x151 _build/nrf52840_xxaa/nrf_balloc.c.o
                                      0x8f0f9 (size before relaxing)
 .debug_str     0x000000000009bbe1      0x141 _build/nrf52840_xxaa/nrf_fprintf.c.o
                                      0x8a40e (size before relaxing)
 .debug_str     0x000000000009bd22      0x50e _build/nrf52840_xxaa/nrf_fprintf_format.c.o
                                      0x8a8f7 (size before relaxing)
 .debug_str     0x000000000009c230      0x1a2 _build/nrf52840_xxaa/nrf_memobj.c.o
                                      0x8d4b1 (size before relaxing)
 .debug_str     0x000000000009c3d2     0x179e _build/nrf52840_xxaa/nrf_pwr_mgmt.c.o
                                      0x987da (size before relaxing)
 .debug_str     0x000000000009db70       0x51 _build/nrf52840_xxaa/nrf_section_iter.c.o
                                      0x8a5dd (size before relaxing)
 .debug_str     0x000000000009dbc1       0xc2 _build/nrf52840_xxaa/nrf_sortlist.c.o
                                      0x8cce3 (size before relaxing)
 .debug_str     0x000000000009dc83      0x505 _build/nrf52840_xxaa/system_nrf52840.c.o
                                      0x75c94 (size before relaxing)
 .debug_str     0x000000000009e188      0xfc6 _build/nrf52840_xxaa/boards.c.o
                                      0x93c53 (size before relaxing)
 .debug_str     0x000000000009f14e      0xf2f _build/nrf52840_xxaa/nrf_drv_clock.c.o
                                      0x9755e (size before relaxing)
 .debug_str     0x00000000000a007d      0x459 _build/nrf52840_xxaa/nrf_drv_uart.c.o
                                      0x93cca (size before relaxing)
 .debug_str     0x00000000000a04d6      0x79c _build/nrf52840_xxaa/nrfx_clock.c.o
                                      0x96802 (size before relaxing)
 .debug_str     0x00000000000a0c72      0xdcf _build/nrf52840_xxaa/nrfx_gpiote.c.o
                                      0x97bca (size before relaxing)
 .debug_str     0x00000000000a1a41      0x331 _build/nrf52840_xxaa/nrfx_prs.c.o
                                      0x95f40 (size before relaxing)
 .debug_str     0x00000000000a1d72      0x6a4 _build/nrf52840_xxaa/nrfx_uart.c.o
                                      0x97139 (size before relaxing)
 .debug_str     0x00000000000a2416      0x967 _build/nrf52840_xxaa/nrfx_uarte.c.o
                                      0x975cd (size before relaxing)
 .debug_str     0x00000000000a2d7d       0x2c _build/nrf52840_xxaa/main.c.o
                                      0x94a54 (size before relaxing)
 .debug_str     0x00000000000a2da9     0x8526 _build/nrf52840_xxaa/ble_conn_params.c.o
                                      0x9450f (size before relaxing)
 .debug_str     0x00000000000ab2cf      0x85e _build/nrf52840_xxaa/ble_conn_state.c.o
                                      0x93162 (size before relaxing)
 .debug_str     0x00000000000abb2d      0x692 _build/nrf52840_xxaa/ble_srv_common.c.o
                                      0x88738 (size before relaxing)
 .debug_str     0x00000000000ac1bf      0x8f3 _build/nrf52840_xxaa/nrf_ble_gatt.c.o
                                      0x93f94 (size before relaxing)
 .debug_str     0x00000000000acab2      0x4f1 _build/nrf52840_xxaa/nrf_sdh.c.o
                                      0x8fb82 (size before relaxing)
 .debug_str     0x00000000000acfa3      0x801 _build/nrf52840_xxaa/nrf_sdh_ble.c.o
                                      0x94be4 (size before relaxing)
 .debug_str     0x00000000000ad7a4      0x181 _build/nrf52840_xxaa/nrf_sdh_soc.c.o
                                      0x8eb72 (size before relaxing)

.debug_loc      0x0000000000000000    0x11bbf
 .debug_loc     0x0000000000000000      0x160 _build/nrf52840_xxaa/nrf_log_backend_serial.c.o
 .debug_loc     0x0000000000000160      0x227 _build/nrf52840_xxaa/nrf_log_backend_uart.c.o
 .debug_loc     0x0000000000000387       0x15 _build/nrf52840_xxaa/nrf_log_default_backends.c.o
 .debug_loc     0x000000000000039c     0x2859 _build/nrf52840_xxaa/nrf_log_frontend.c.o
 .debug_loc     0x0000000000002bf5      0x42f _build/nrf52840_xxaa/nrf_log_str_formatter.c.o
 .debug_loc     0x0000000000003024      0xbbd _build/nrf52840_xxaa/app_button.c.o
 .debug_loc     0x0000000000003be1       0xca _build/nrf52840_xxaa/app_error.c.o
 .debug_loc     0x0000000000003cab       0x63 _build/nrf52840_xxaa/app_error_weak.c.o
 .debug_loc     0x0000000000003d0e      0x720 _build/nrf52840_xxaa/app_timer2.c.o
 .debug_loc     0x000000000000442e      0x125 _build/nrf52840_xxaa/app_util_platform.c.o
 .debug_loc     0x0000000000004553      0xf32 _build/nrf52840_xxaa/drv_rtc.c.o
 .debug_loc     0x0000000000005485      0x563 _build/nrf52840_xxaa/nrf_atfifo.c.o
 .debug_loc     0x00000000000059e8      0x420 _build/nrf52840_xxaa/nrf_atflags.c.o
 .debug_loc     0x0000000000005e08      0x35c _build/nrf52840_xxaa/nrf_atomic.c.o
 .debug_loc     0x0000000000006164      0x169 _build/nrf52840_xxaa/nrf_balloc.c.o
 .debug_loc     0x00000000000062cd       0x4a _build/nrf52840_xxaa/nrf_fprintf.c.o
 .debug_loc     0x0000000000006317     0x1169 _build/nrf52840_xxaa/nrf_fprintf_format.c.o
 .debug_loc     0x0000000000007480      0xb27 _build/nrf52840_xxaa/nrf_memobj.c.o
 .debug_loc     0x0000000000007fa7       0xb5 _build/nrf52840_xxaa/nrf_pwr_mgmt.c.o
 .debug_loc     0x000000000000805c      0x12f _build/nrf52840_xxaa/nrf_sortlist.c.o
 .debug_loc     0x000000000000818b      0x155 _build/nrf52840_xxaa/system_nrf52840.c.o
 .debug_loc     0x00000000000082e0      0x881 _build/nrf52840_xxaa/boards.c.o
 .debug_loc     0x0000000000008b61      0x4a2 _build/nrf52840_xxaa/nrf_drv_clock.c.o
 .debug_loc     0x0000000000009003      0x1ae _build/nrf52840_xxaa/nrf_drv_uart.c.o
 .debug_loc     0x00000000000091b1      0x264 _build/nrf52840_xxaa/nrfx_clock.c.o
 .debug_loc     0x0000000000009415     0x23bc _build/nrf52840_xxaa/nrfx_gpiote.c.o
 .debug_loc     0x000000000000b7d1       0xb8 _build/nrf52840_xxaa/nrfx_prs.c.o
 .debug_loc     0x000000000000b889     0x1ac7 _build/nrf52840_xxaa/nrfx_uart.c.o
 .debug_loc     0x000000000000d350     0x178b _build/nrf52840_xxaa/nrfx_uarte.c.o
 .debug_loc     0x000000000000eadb       0xaa _build/nrf52840_xxaa/main.c.o
 .debug_loc     0x000000000000eb85      0xb45 _build/nrf52840_xxaa/ble_conn_params.c.o
 .debug_loc     0x000000000000f6ca      0xdae _build/nrf52840_xxaa/ble_conn_state.c.o
 .debug_loc     0x0000000000010478      0x545 _build/nrf52840_xxaa/ble_srv_common.c.o
 .debug_loc     0x00000000000109bd      0xc4f _build/nrf52840_xxaa/nrf_ble_gatt.c.o
 .debug_loc     0x000000000001160c      0x2ab _build/nrf52840_xxaa/nrf_sdh.c.o
 .debug_loc     0x00000000000118b7      0x294 _build/nrf52840_xxaa/nrf_sdh_ble.c.o
 .debug_loc     0x0000000000011b4b       0x74 _build/nrf52840_xxaa/nrf_sdh_soc.c.o

.debug_ranges   0x0000000000000000     0x40d8
 .debug_ranges  0x0000000000000000       0x28 _build/nrf52840_xxaa/nrf_log_backend_serial.c.o
 .debug_ranges  0x0000000000000028       0xb0 _build/nrf52840_xxaa/nrf_log_backend_uart.c.o
 .debug_ranges  0x00000000000000d8       0x10 _build/nrf52840_xxaa/nrf_log_default_backends.c.o
 .debug_ranges  0x00000000000000e8      0x8b0 _build/nrf52840_xxaa/nrf_log_frontend.c.o
 .debug_ranges  0x0000000000000998       0xb8 _build/nrf52840_xxaa/nrf_log_str_formatter.c.o
 .debug_ranges  0x0000000000000a50      0x3e8 _build/nrf52840_xxaa/app_button.c.o
 .debug_ranges  0x0000000000000e38       0x18 _build/nrf52840_xxaa/app_error.c.o
 .debug_ranges  0x0000000000000e50       0x10 _build/nrf52840_xxaa/app_error_weak.c.o
 .debug_ranges  0x0000000000000e60      0x268 _build/nrf52840_xxaa/app_timer2.c.o
 .debug_ranges  0x00000000000010c8       0x80 _build/nrf52840_xxaa/app_util_platform.c.o
 .debug_ranges  0x0000000000001148      0x2b8 _build/nrf52840_xxaa/drv_rtc.c.o
 .debug_ranges  0x0000000000001400       0x78 _build/nrf52840_xxaa/nrf_atfifo.c.o
 .debug_ranges  0x0000000000001478      0x148 _build/nrf52840_xxaa/nrf_atflags.c.o
 .debug_ranges  0x00000000000015c0       0xb8 _build/nrf52840_xxaa/nrf_atomic.c.o
 .debug_ranges  0x0000000000001678       0x78 _build/nrf52840_xxaa/nrf_balloc.c.o
 .debug_ranges  0x00000000000016f0       0x18 _build/nrf52840_xxaa/nrf_fprintf.c.o
 .debug_ranges  0x0000000000001708      0x310 _build/nrf52840_xxaa/nrf_fprintf_format.c.o
 .debug_ranges  0x0000000000001a18       0xb0 _build/nrf52840_xxaa/nrf_memobj.c.o
 .debug_ranges  0x0000000000001ac8       0x80 _build/nrf52840_xxaa/nrf_pwr_mgmt.c.o
 .debug_ranges  0x0000000000001b48       0x18 _build/nrf52840_xxaa/nrf_section_iter.c.o
 .debug_ranges  0x0000000000001b60       0x30 _build/nrf52840_xxaa/nrf_sortlist.c.o
 .debug_ranges  0x0000000000001b90       0xa0 _build/nrf52840_xxaa/system_nrf52840.c.o
 .debug_ranges  0x0000000000001c30       0xd8 _build/nrf52840_xxaa/boards.c.o
 .debug_ranges  0x0000000000001d08      0x2c0 _build/nrf52840_xxaa/nrf_drv_clock.c.o
 .debug_ranges  0x0000000000001fc8       0x20 _build/nrf52840_xxaa/nrf_drv_uart.c.o
 .debug_ranges  0x0000000000001fe8      0x2a0 _build/nrf52840_xxaa/nrfx_clock.c.o
 .debug_ranges  0x0000000000002288      0xa68 _build/nrf52840_xxaa/nrfx_gpiote.c.o
 .debug_ranges  0x0000000000002cf0       0x50 _build/nrf52840_xxaa/nrfx_prs.c.o
 .debug_ranges  0x0000000000002d40      0x460 _build/nrf52840_xxaa/nrfx_uart.c.o
 .debug_ranges  0x00000000000031a0      0x4b8 _build/nrf52840_xxaa/nrfx_uarte.c.o
 .debug_ranges  0x0000000000003658       0x18 _build/nrf52840_xxaa/main.c.o
 .debug_ranges  0x0000000000003670      0x228 _build/nrf52840_xxaa/ble_conn_params.c.o
 .debug_ranges  0x0000000000003898      0x308 _build/nrf52840_xxaa/ble_conn_state.c.o
 .debug_ranges  0x0000000000003ba0      0x120 _build/nrf52840_xxaa/ble_srv_common.c.o
 .debug_ranges  0x0000000000003cc0      0x118 _build/nrf52840_xxaa/nrf_ble_gatt.c.o
 .debug_ranges  0x0000000000003dd8      0x220 _build/nrf52840_xxaa/nrf_sdh.c.o
 .debug_ranges  0x0000000000003ff8       0xb0 _build/nrf52840_xxaa/nrf_sdh_ble.c.o
 .debug_ranges  0x00000000000040a8       0x30 _build/nrf52840_xxaa/nrf_sdh_soc.c.o

.debug_macro    0x0000000000000000     0xc069
 .debug_macro   0x0000000000000000      0x3c3 _build/nrf52840_xxaa/nrf_log_backend_serial.c.o
 .debug_macro   0x00000000000003c3       0x16 _build/nrf52840_xxaa/nrf_log_backend_serial.c.o
 .debug_macro   0x00000000000003d9       0x22 _build/nrf52840_xxaa/nrf_log_backend_serial.c.o
 .debug_macro   0x00000000000003fb       0x46 _build/nrf52840_xxaa/nrf_log_backend_serial.c.o
 .debug_macro   0x0000000000000441       0x88 _build/nrf52840_xxaa/nrf_log_backend_serial.c.o
 .debug_macro   0x00000000000004c9       0x3a _build/nrf52840_xxaa/nrf_log_backend_serial.c.o
 .debug_macro   0x0000000000000503       0x1c _build/nrf52840_xxaa/nrf_log_backend_serial.c.o
 .debug_macro   0x000000000000051f       0x10 _build/nrf52840_xxaa/nrf_log_backend_serial.c.o
 .debug_macro   0x000000000000052f       0x10 _build/nrf52840_xxaa/nrf_log_backend_serial.c.o
 .debug_macro   0x000000000000053f       0xb6 _build/nrf52840_xxaa/nrf_log_backend_serial.c.o